Archive member included because of file (symbol)

C:/Freescale/CW MCU v10.4/MCU/ARM_GCC_Support/ewl/lib/armv6-m\libc.a(printf.o)
                              ./Sources/ProcessorExpert.o (printf)
C:/Freescale/CW MCU v10.4/MCU/ARM_GCC_Support/ewl/lib/armv6-m\libc.a(exit.o)
                              ./Project_Settings/Startup_Code/__arm_start.o (exit)
C:/Freescale/CW MCU v10.4/MCU/ARM_GCC_Support/ewl/lib/armv6-m\libc.a(memset.o)
                              ./Project_Settings/Startup_Code/__arm_start.o (memset)
C:/Freescale/CW MCU v10.4/MCU/ARM_GCC_Support/ewl/lib/armv6-m\libc.a(printformat_fp_ll.o)
                              (__pformatterFPLL)
C:/Freescale/CW MCU v10.4/MCU/ARM_GCC_Support/ewl/lib/armv6-m\libc.a(scanformat_fp_ll.o)
                              (__sformatter_FPLL)
C:/Freescale/CW MCU v10.4/MCU/ARM_GCC_Support/ewl/lib/armv6-m\libc.a(ctype_aeabi.o)
                              C:/Freescale/CW MCU v10.4/MCU/ARM_GCC_Support/ewl/lib/armv6-m\libc.a(scanformat_fp_ll.o) (isspace)
C:/Freescale/CW MCU v10.4/MCU/ARM_GCC_Support/ewl/lib/armv6-m\libc.a(__strtold.o)
                              C:/Freescale/CW MCU v10.4/MCU/ARM_GCC_Support/ewl/lib/armv6-m\libc.a(scanformat_fp_ll.o) (__strtold)
C:/Freescale/CW MCU v10.4/MCU/ARM_GCC_Support/ewl/lib/armv6-m\libc.a(ansi_files.o)
                              C:/Freescale/CW MCU v10.4/MCU/ARM_GCC_Support/ewl/lib/armv6-m\libc.a(printf.o) (__files)
C:/Freescale/CW MCU v10.4/MCU/ARM_GCC_Support/ewl/lib/armv6-m\libc.a(fflush.o)
                              C:/Freescale/CW MCU v10.4/MCU/ARM_GCC_Support/ewl/lib/armv6-m\libc.a(ansi_files.o) (fflush)
C:/Freescale/CW MCU v10.4/MCU/ARM_GCC_Support/ewl/lib/armv6-m\libc.a(fwrite.o)
                              C:/Freescale/CW MCU v10.4/MCU/ARM_GCC_Support/ewl/lib/armv6-m\libc.a(printf.o) (__FileWrite)
C:/Freescale/CW MCU v10.4/MCU/ARM_GCC_Support/ewl/lib/armv6-m\libc.a(vsscanf.o)
                              C:/Freescale/CW MCU v10.4/MCU/ARM_GCC_Support/ewl/lib/armv6-m\libc.a(__strtold.o) (__StringRead)
C:/Freescale/CW MCU v10.4/MCU/ARM_GCC_Support/ewl/lib/armv6-m\libc.a(__strtoul.o)
                              C:/Freescale/CW MCU v10.4/MCU/ARM_GCC_Support/ewl/lib/armv6-m\libc.a(scanformat_fp_ll.o) (__strtoul)
C:/Freescale/CW MCU v10.4/MCU/ARM_GCC_Support/ewl/lib/armv6-m\libc.a(__strtoull.o)
                              C:/Freescale/CW MCU v10.4/MCU/ARM_GCC_Support/ewl/lib/armv6-m\libc.a(scanformat_fp_ll.o) (__strtoull)
C:/Freescale/CW MCU v10.4/MCU/ARM_GCC_Support/ewl/lib/armv6-m\libc.a(__filll_mem.o)
                              C:/Freescale/CW MCU v10.4/MCU/ARM_GCC_Support/ewl/lib/armv6-m\libc.a(memset.o) (__fill_mem)
C:/Freescale/CW MCU v10.4/MCU/ARM_GCC_Support/ewl/lib/armv6-m\libc.a(__memrchr.o)
                              C:/Freescale/CW MCU v10.4/MCU/ARM_GCC_Support/ewl/lib/armv6-m\libc.a(fwrite.o) (__memrchr)
C:/Freescale/CW MCU v10.4/MCU/ARM_GCC_Support/ewl/lib/armv6-m\libc.a(memchr.o)
                              C:/Freescale/CW MCU v10.4/MCU/ARM_GCC_Support/ewl/lib/armv6-m\libc.a(printformat_fp_ll.o) (memchr)
C:/Freescale/CW MCU v10.4/MCU/ARM_GCC_Support/ewl/lib/armv6-m\libc.a(memcpy.o)
                              C:/Freescale/CW MCU v10.4/MCU/ARM_GCC_Support/ewl/lib/armv6-m\libc.a(scanformat_fp_ll.o) (memcpy)
C:/Freescale/CW MCU v10.4/MCU/ARM_GCC_Support/ewl/lib/armv6-m\libc.a(strchr.o)
                              C:/Freescale/CW MCU v10.4/MCU/ARM_GCC_Support/ewl/lib/armv6-m\libc.a(printformat_fp_ll.o) (strchr)
C:/Freescale/CW MCU v10.4/MCU/ARM_GCC_Support/ewl/lib/armv6-m\libc.a(strcpy.o)
                              C:/Freescale/CW MCU v10.4/MCU/ARM_GCC_Support/ewl/lib/armv6-m\libc.a(printformat_fp_ll.o) (strcpy)
C:/Freescale/CW MCU v10.4/MCU/ARM_GCC_Support/ewl/lib/armv6-m\libc.a(strlen.o)
                              C:/Freescale/CW MCU v10.4/MCU/ARM_GCC_Support/ewl/lib/armv6-m\libc.a(printformat_fp_ll.o) (strlen)
C:/Freescale/CW MCU v10.4/MCU/ARM_GCC_Support/ewl/lib/armv6-m\libc.a(errno.o)
                              C:/Freescale/CW MCU v10.4/MCU/ARM_GCC_Support/ewl/lib/armv6-m\libc.a(__strtold.o) (errno)
C:/Freescale/CW MCU v10.4/MCU/ARM_GCC_Support/ewl/lib/armv6-m\libc.a(__buffer_io.o)
                              C:/Freescale/CW MCU v10.4/MCU/ARM_GCC_Support/ewl/lib/armv6-m\libc.a(fwrite.o) (__prep_buffer)
C:/Freescale/CW MCU v10.4/MCU/ARM_GCC_Support/ewl/lib/armv6-m\libm.a(ansi_fp.o)
                              C:/Freescale/CW MCU v10.4/MCU/ARM_GCC_Support/ewl/lib/armv6-m\libc.a(printformat_fp_ll.o) (__num2dec)
C:/Freescale/CW MCU v10.4/MCU/ARM_GCC_Support/ewl/lib/armv6-m\libm.a(float.o)
                              C:/Freescale/CW MCU v10.4/MCU/ARM_GCC_Support/ewl/lib/armv6-m\libc.a(__strtold.o) (__extended_max)
C:/Freescale/CW MCU v10.4/MCU/ARM_GCC_Support/ewl/lib/armv6-m\libm.a(math_api.o)
                              C:/Freescale/CW MCU v10.4/MCU/ARM_GCC_Support/ewl/lib/armv6-m\libm.a(ansi_fp.o) (__signbitd)
[...]
Memory Configuration

Name             Origin             Length             Attributes
m_interrupts     0x00000000         0x000000c0         xr
m_text           0x00000410         0x0001fbf0         xr
m_data           0x1ffff000         0x00004000         rw
m_cfmprotrom     0x00000400         0x00000010         xr
*default*        0x00000000         0xffffffff

Linker script and memory map

LOAD ./Generated_Code/WAIT1.o
LOAD ./Generated_Code/Vectors.o
LOAD ./Generated_Code/TimerIntLdd1.o
LOAD ./Generated_Code/TU3.o
LOAD ./Generated_Code/TU2.o
LOAD ./Generated_Code/TU1.o
LOAD ./Generated_Code/TFC_TSI.o
LOAD ./Generated_Code/TFC_TCLK.o
LOAD ./Generated_Code/TFC_SERVO.o
LOAD ./Generated_Code/TFC_RMOT.o
LOAD ./Generated_Code/TFC_LMOT.o
LOAD ./Generated_Code/TFC_LEDS.o
LOAD ./Generated_Code/TFC_INTE.o
LOAD ./Generated_Code/TFC_EMOT.o
LOAD ./Generated_Code/TFC_DIPS.o
LOAD ./Generated_Code/TFC_ADCI.o
LOAD ./Generated_Code/PwmLdd3.o
LOAD ./Generated_Code/PwmLdd2.o
LOAD ./Generated_Code/PwmLdd1.o
LOAD ./Generated_Code/PE_LDD.o
LOAD ./Generated_Code/IO1.o
LOAD ./Generated_Code/CsIO1.o
LOAD ./Generated_Code/Cpu.o
LOAD ./Generated_Code/BitsIoLdd2.o
LOAD ./Generated_Code/BitsIoLdd1.o
LOAD ./Generated_Code/BitIoLdd3.o
LOAD ./Generated_Code/BitIoLdd2.o
LOAD ./Generated_Code/BitIoLdd1.o
LOAD ./Generated_Code/AdcLdd1.o
LOAD ./Project_Settings/Startup_Code/__arm_start.o
LOAD ./Project_Settings/Startup_Code/__arm_end.o
LOAD ./Sources/sa_mtb.o
LOAD ./Sources/TFC_Controller.o
LOAD ./Sources/ProcessorExpert.o
LOAD ./Sources/Events.o
                0x00005dc0                __pformatter = __pformatterFPLL
                0x00006690                __sformatter = __sformatter_FPLL
START GROUP
LOAD C:/Freescale/CW MCU v10.4/MCU/ARM_GCC_Support/ewl/lib/armv6-m\libc.a
LOAD C:/Freescale/CW MCU v10.4/MCU/ARM_GCC_Support/ewl/lib/armv6-m\libm.a
LOAD c:/freescale/cw mcu v10.4/cross_tools/arm-none-eabi-gcc-4_7_3/bin/../lib/gcc/arm-none-eabi/4.7.3/armv6-m\libgcc.a
LOAD C:/Freescale/CW MCU v10.4/MCU/ARM_GCC_Support/ewl/lib/armv6-m\librt.a
LOAD C:/Freescale/CW MCU v10.4/MCU/ARM_GCC_Support/ewl/lib/armv6-m\libuart.a
END GROUP
                0x20003000                _estack = 0x20003000
                0x20003000                __SP_INIT = _estack
                0x00000000                __heap_size = 0x0
                0x00000400                __stack_size = 0x400

.interrupts     0x00000000       0xc0
                0x00000000                __vector_table = .
                0x00000000                . = ALIGN (0x4)
 *(.vectortable)
 .vectortable   0x00000000       0xc0 ./Generated_Code/Vectors.o
                0x00000000                __vect_table
                0x000000c0                . = ALIGN (0x4)

.cfmprotect     0x00000400       0x10
                0x00000400                . = ALIGN (0x4)
 *(.cfmconfig)
 .cfmconfig     0x00000400       0x10 ./Generated_Code/Cpu.o
                0x00000400                _cfm
                0x00000410                . = ALIGN (0x4)

.text           0x00000410     0x90d8
                0x00000410                . = ALIGN (0x4)
 *(.text)
 .text          0x00000410       0x14 c:/freescale/cw mcu v10.4/cross_tools/arm-none-eabi-gcc-4_7_3/bin/../lib/gcc/arm-none-eabi/4.7.3/armv6-m\libgcc.a(_thumb1_case_sqi.o)
                0x00000410                __gnu_thumb1_case_sqi
 .text          0x00000424       0x14 c:/freescale/cw mcu v10.4/cross_tools/arm-none-eabi-gcc-4_7_3/bin/../lib/gcc/arm-none-eabi/4.7.3/armv6-m\libgcc.a(_thumb1_case_uqi.o)
                0x00000424                __gnu_thumb1_case_uqi
 .text          0x00000438       0x14 c:/freescale/cw mcu v10.4/cross_tools/arm-none-eabi-gcc-4_7_3/bin/../lib/gcc/arm-none-eabi/4.7.3/armv6-m\libgcc.a(_thumb1_case_shi.o)
                0x00000438                __gnu_thumb1_case_shi
 .text          0x0000044c       0x9c c:/freescale/cw mcu v10.4/cross_tools/arm-none-eabi-gcc-4_7_3/bin/../lib/gcc/arm-none-eabi/4.7.3/armv6-m\libgcc.a(_udivsi3.o)
                0x0000044c                __aeabi_uidiv
                0x0000044c                __udivsi3
                0x000004d4                __aeabi_uidivmod
 .text          0x000004e8       0xc0 c:/freescale/cw mcu v10.4/cross_tools/arm-none-eabi-gcc-4_7_3/bin/../lib/gcc/arm-none-eabi/4.7.3/armv6-m\libgcc.a(_divsi3.o)
                0x000004e8                __divsi3
                0x000004e8                __aeabi_idiv
                0x00000594                __aeabi_idivmod
 .text          0x000005a8        0x4 c:/freescale/cw mcu v10.4/cross_tools/arm-none-eabi-gcc-4_7_3/bin/../lib/gcc/arm-none-eabi/4.7.3/armv6-m\libgcc.a(_dvmd_tls.o)
                0x000005a8                __aeabi_idiv0
                0x000005a8                __aeabi_ldiv0
 .text          0x000005ac       0x7c c:/freescale/cw mcu v10.4/cross_tools/arm-none-eabi-gcc-4_7_3/bin/../lib/gcc/arm-none-eabi/4.7.3/armv6-m\libgcc.a(_arm_cmpdf2.o)
                0x000005ac                __aeabi_cdrcmple
                0x000005bc                __aeabi_cdcmple
                0x000005bc                __aeabi_cdcmpeq
                0x000005cc                __aeabi_dcmpeq
                0x000005d8                __aeabi_dcmplt
                0x000005ec                __aeabi_dcmple
                0x00000600                __aeabi_dcmpgt
                0x00000614                __aeabi_dcmpge
 .text          0x00000628       0x74 c:/freescale/cw mcu v10.4/cross_tools/arm-none-eabi-gcc-4_7_3/bin/../lib/gcc/arm-none-eabi/4.7.3/armv6-m\libgcc.a(_arm_cmpsf2.o)
                0x00000628                __aeabi_cfrcmple
                0x00000630                __aeabi_cfcmpeq
                0x00000630                __aeabi_cfcmple
                0x00000640                __aeabi_fcmpeq
                0x0000064c                __aeabi_fcmplt
                0x00000660                __aeabi_fcmple
                0x00000674                __aeabi_fcmpgt
                0x00000688                __aeabi_fcmpge
 .text          0x0000069c       0x40 c:/freescale/cw mcu v10.4/cross_tools/arm-none-eabi-gcc-4_7_3/bin/../lib/gcc/arm-none-eabi/4.7.3/armv6-m\libgcc.a(_aeabi_uldivmod.o)
                0x0000069c                __aeabi_uldivmod
 .text          0x000006dc       0x44 c:/freescale/cw mcu v10.4/cross_tools/arm-none-eabi-gcc-4_7_3/bin/../lib/gcc/arm-none-eabi/4.7.3/armv6-m\libgcc.a(_muldi3.o)
                0x000006dc                __muldi3
                0x000006dc                __aeabi_lmul
 .text          0x00000720       0x30 c:/freescale/cw mcu v10.4/cross_tools/arm-none-eabi-gcc-4_7_3/bin/../lib/gcc/arm-none-eabi/4.7.3/armv6-m\libgcc.a(_fixunssfsi.o)
                0x00000720                __fixunssfsi
                0x00000720                __aeabi_f2uiz
 .text          0x00000750       0x74 c:/freescale/cw mcu v10.4/cross_tools/arm-none-eabi-gcc-4_7_3/bin/../lib/gcc/arm-none-eabi/4.7.3/armv6-m\libgcc.a(bpabi.o)
                0x00000750                __gnu_ldivmod_helper
                0x0000078c                __gnu_uldivmod_helper
 .text          0x000007c4      0x3a4 c:/freescale/cw mcu v10.4/cross_tools/arm-none-eabi-gcc-4_7_3/bin/../lib/gcc/arm-none-eabi/4.7.3/armv6-m\libgcc.a(addsf3.o)
                0x000007c4                __aeabi_fadd
 .text          0x00000b68      0x274 c:/freescale/cw mcu v10.4/cross_tools/arm-none-eabi-gcc-4_7_3/bin/../lib/gcc/arm-none-eabi/4.7.3/armv6-m\libgcc.a(divsf3.o)
                0x00000b68                __aeabi_fdiv
 .text          0x00000ddc       0x50 c:/freescale/cw mcu v10.4/cross_tools/arm-none-eabi-gcc-4_7_3/bin/../lib/gcc/arm-none-eabi/4.7.3/armv6-m\libgcc.a(eqsf2.o)
                0x00000ddc                __eqsf2
                0x00000ddc                __nesf2
 .text          0x00000e2c       0x90 c:/freescale/cw mcu v10.4/cross_tools/arm-none-eabi-gcc-4_7_3/bin/../lib/gcc/arm-none-eabi/4.7.3/armv6-m\libgcc.a(gesf2.o)
                0x00000e2c                __gesf2
                0x00000e2c                __gtsf2
 .text          0x00000ebc       0x90 c:/freescale/cw mcu v10.4/cross_tools/arm-none-eabi-gcc-4_7_3/bin/../lib/gcc/arm-none-eabi/4.7.3/armv6-m\libgcc.a(lesf2.o)
                0x00000ebc                __ltsf2
                0x00000ebc                __lesf2
 .text          0x00000f4c      0x260 c:/freescale/cw mcu v10.4/cross_tools/arm-none-eabi-gcc-4_7_3/bin/../lib/gcc/arm-none-eabi/4.7.3/armv6-m\libgcc.a(mulsf3.o)
                0x00000f4c                __aeabi_fmul
 .text          0x000011ac      0x3ac c:/freescale/cw mcu v10.4/cross_tools/arm-none-eabi-gcc-4_7_3/bin/../lib/gcc/arm-none-eabi/4.7.3/armv6-m\libgcc.a(subsf3.o)
                0x000011ac                __aeabi_fsub
 .text          0x00001558       0x40 c:/freescale/cw mcu v10.4/cross_tools/arm-none-eabi-gcc-4_7_3/bin/../lib/gcc/arm-none-eabi/4.7.3/armv6-m\libgcc.a(fixsfsi.o)
                0x00001558                __aeabi_f2iz
 .text          0x00001598       0xa8 c:/freescale/cw mcu v10.4/cross_tools/arm-none-eabi-gcc-4_7_3/bin/../lib/gcc/arm-none-eabi/4.7.3/armv6-m\libgcc.a(floatsisf.o)
                0x00001598                __aeabi_i2f
 .text          0x00001640       0xa8 c:/freescale/cw mcu v10.4/cross_tools/arm-none-eabi-gcc-4_7_3/bin/../lib/gcc/arm-none-eabi/4.7.3/armv6-m\libgcc.a(floatunsisf.o)
                0x00001640                __aeabi_ui2f
 .text          0x000016e8      0x758 c:/freescale/cw mcu v10.4/cross_tools/arm-none-eabi-gcc-4_7_3/bin/../lib/gcc/arm-none-eabi/4.7.3/armv6-m\libgcc.a(adddf3.o)
                0x000016e8                __aeabi_dadd
 .text          0x00001e40      0x5b8 c:/freescale/cw mcu v10.4/cross_tools/arm-none-eabi-gcc-4_7_3/bin/../lib/gcc/arm-none-eabi/4.7.3/armv6-m\libgcc.a(divdf3.o)
                0x00001e40                __aeabi_ddiv
 .text          0x000023f8       0x7c c:/freescale/cw mcu v10.4/cross_tools/arm-none-eabi-gcc-4_7_3/bin/../lib/gcc/arm-none-eabi/4.7.3/armv6-m\libgcc.a(eqdf2.o)
                0x000023f8                __nedf2
                0x000023f8                __eqdf2
 .text          0x00002474       0xe8 c:/freescale/cw mcu v10.4/cross_tools/arm-none-eabi-gcc-4_7_3/bin/../lib/gcc/arm-none-eabi/4.7.3/armv6-m\libgcc.a(gedf2.o)
                0x00002474                __gedf2
                0x00002474                __gtdf2
 .text          0x0000255c       0xd8 c:/freescale/cw mcu v10.4/cross_tools/arm-none-eabi-gcc-4_7_3/bin/../lib/gcc/arm-none-eabi/4.7.3/armv6-m\libgcc.a(ledf2.o)
                0x0000255c                __ledf2
                0x0000255c                __ltdf2
 .text          0x00002634      0x4e4 c:/freescale/cw mcu v10.4/cross_tools/arm-none-eabi-gcc-4_7_3/bin/../lib/gcc/arm-none-eabi/4.7.3/armv6-m\libgcc.a(muldf3.o)
                0x00002634                __aeabi_dmul
 .text          0x00002b18      0x6f8 c:/freescale/cw mcu v10.4/cross_tools/arm-none-eabi-gcc-4_7_3/bin/../lib/gcc/arm-none-eabi/4.7.3/armv6-m\libgcc.a(subdf3.o)
                0x00002b18                __aeabi_dsub
 .text          0x00003210       0x68 c:/freescale/cw mcu v10.4/cross_tools/arm-none-eabi-gcc-4_7_3/bin/../lib/gcc/arm-none-eabi/4.7.3/armv6-m\libgcc.a(fixdfsi.o)
                0x00003210                __aeabi_d2iz
 .text          0x00003278       0x74 c:/freescale/cw mcu v10.4/cross_tools/arm-none-eabi-gcc-4_7_3/bin/../lib/gcc/arm-none-eabi/4.7.3/armv6-m\libgcc.a(floatsidf.o)
                0x00003278                __aeabi_i2d
 .text          0x000032ec       0xa8 c:/freescale/cw mcu v10.4/cross_tools/arm-none-eabi-gcc-4_7_3/bin/../lib/gcc/arm-none-eabi/4.7.3/armv6-m\libgcc.a(extendsfdf2.o)
                0x000032ec                __aeabi_f2d
 .text          0x00003394      0x134 c:/freescale/cw mcu v10.4/cross_tools/arm-none-eabi-gcc-4_7_3/bin/../lib/gcc/arm-none-eabi/4.7.3/armv6-m\libgcc.a(truncdfsf2.o)
                0x00003394                __aeabi_d2f
 .text          0x000034c8       0x3c c:/freescale/cw mcu v10.4/cross_tools/arm-none-eabi-gcc-4_7_3/bin/../lib/gcc/arm-none-eabi/4.7.3/armv6-m\libgcc.a(_clzsi2.o)
                0x000034c8                __clzsi2
 .text          0x00003504      0x3d0 c:/freescale/cw mcu v10.4/cross_tools/arm-none-eabi-gcc-4_7_3/bin/../lib/gcc/arm-none-eabi/4.7.3/armv6-m\libgcc.a(_divdi3.o)
                0x00003504                __divdi3
 .text          0x000038d4      0x38c c:/freescale/cw mcu v10.4/cross_tools/arm-none-eabi-gcc-4_7_3/bin/../lib/gcc/arm-none-eabi/4.7.3/armv6-m\libgcc.a(_udivdi3.o)
                0x000038d4                __udivdi3
 *(.text*)
 .text.WAIT1_Wait100Cycles
                0x00003c60       0x30 ./Generated_Code/WAIT1.o
                0x00003c60                WAIT1_Wait100Cycles
 .text.WAIT1_WaitCycles
                0x00003c90       0x2c ./Generated_Code/WAIT1.o
                0x00003c90                WAIT1_WaitCycles
 .text.TimerIntLdd1_Init
                0x00003cbc       0x48 ./Generated_Code/TimerIntLdd1.o
                0x00003cbc                TimerIntLdd1_Init
 .text.TU1_OnCounterRestart
                0x00003d04       0x24 ./Generated_Code/TimerIntLdd1.o
                0x00003d04                TU1_OnCounterRestart
 .text.TU3_Init
                0x00003d28       0xfc ./Generated_Code/TU3.o
                0x00003d28                TU3_Init
 .text.TU3_GetPeriodTicks
                0x00003e24       0x3c ./Generated_Code/TU3.o
                0x00003e24                TU3_GetPeriodTicks
 .text.TU3_SetOffsetTicks
                0x00003e60       0x58 ./Generated_Code/TU3.o
                0x00003e60                TU3_SetOffsetTicks
 .text.TU2_Init
                0x00003eb8      0x108 ./Generated_Code/TU2.o
                0x00003eb8                TU2_Init
 .text.TU2_GetPeriodTicks
                0x00003fc0       0x3c ./Generated_Code/TU2.o
                0x00003fc0                TU2_GetPeriodTicks
 .text.TU2_SetOffsetTicks
                0x00003ffc       0x58 ./Generated_Code/TU2.o
                0x00003ffc                TU2_SetOffsetTicks
 .text.TU2_Interrupt
                0x00004054       0x5c ./Generated_Code/TU2.o
                0x00004054                TU2_Interrupt
 .text.TU1_Init
                0x000040b0       0xc0 ./Generated_Code/TU1.o
                0x000040b0                TU1_Init
 .text.TU1_Interrupt
                0x00004170       0x30 ./Generated_Code/TU1.o
                0x00004170                TU1_Interrupt
 .text.PwmLdd1_OnEnd
                0x000041a0       0x14 ./Generated_Code/TFC_SERVO.o
                0x000041a0                PwmLdd1_OnEnd
 .text.TimerIntLdd1_OnInterrupt
                0x000041b4       0x14 ./Generated_Code/TFC_INTE.o
                0x000041b4                TimerIntLdd1_OnInterrupt
 .text.ClrSumV  0x000041c8       0x24 ./Generated_Code/TFC_ADCI.o
 .text.TFC_ADCI_HWEnDi
                0x000041ec       0xa0 ./Generated_Code/TFC_ADCI.o
                0x000041ec                TFC_ADCI_HWEnDi
 .text.TFC_ADCI_MeasureChan
                0x0000428c       0x64 ./Generated_Code/TFC_ADCI.o
                0x0000428c                TFC_ADCI_MeasureChan
 .text.TFC_ADCI_GetChanValue16
                0x000042f0       0x5c ./Generated_Code/TFC_ADCI.o
                0x000042f0                TFC_ADCI_GetChanValue16
 .text.AdcLdd1_OnMeasurementComplete
                0x0000434c       0xfc ./Generated_Code/TFC_ADCI.o
                0x0000434c                AdcLdd1_OnMeasurementComplete
 .text.TFC_ADCI_Init
                0x00004448       0x2c ./Generated_Code/TFC_ADCI.o
                0x00004448                TFC_ADCI_Init
 .text.PwmLdd3_Init
                0x00004474       0x54 ./Generated_Code/PwmLdd3.o
                0x00004474                PwmLdd3_Init
 .text.PwmLdd3_SetDutyUS
                0x000044c8       0x7c ./Generated_Code/PwmLdd3.o
                0x000044c8                PwmLdd3_SetDutyUS
 .text.SetRatio
                0x00004544       0x70 ./Generated_Code/PwmLdd3.o
 .text.PwmLdd2_Init
                0x000045b4       0x54 ./Generated_Code/PwmLdd2.o
                0x000045b4                PwmLdd2_Init
 .text.PwmLdd2_SetDutyUS
                0x00004608       0x7c ./Generated_Code/PwmLdd2.o
                0x00004608                PwmLdd2_SetDutyUS
 .text.SetRatio
                0x00004684       0x70 ./Generated_Code/PwmLdd2.o
 .text.PwmLdd1_Init
                0x000046f4       0x54 ./Generated_Code/PwmLdd1.o
                0x000046f4                PwmLdd1_Init
 .text.PwmLdd1_SetDutyUS
                0x00004748       0x7c ./Generated_Code/PwmLdd1.o
                0x00004748                PwmLdd1_SetDutyUS
 .text.TU2_OnCounterRestart
                0x000047c4       0x24 ./Generated_Code/PwmLdd1.o
                0x000047c4                TU2_OnCounterRestart
 .text.SetRatio
                0x000047e8       0x70 ./Generated_Code/PwmLdd1.o
 .text.IO1_Init
                0x00004858      0x15c ./Generated_Code/IO1.o
                0x00004858                IO1_Init
 .text.__read_console
                0x000049b4       0x8c ./Generated_Code/CsIO1.o
                0x000049b4                __read_console
 .text.__write_console
                0x00004a40       0x7c ./Generated_Code/CsIO1.o
                0x00004a40                __write_console
 .text.__close_console
                0x00004abc       0x14 ./Generated_Code/CsIO1.o
                0x00004abc                __close_console
 .text.Cpu_INT_NMIInterrupt
                0x00004ad0        0xc ./Generated_Code/Cpu.o
                0x00004ad0                Cpu_INT_NMIInterrupt
 .text.Cpu_Interrupt
                0x00004adc        0xc ./Generated_Code/Cpu.o
                0x00004adc                Cpu_Interrupt
 .text.__init_hardware
                0x00004ae8      0x158 ./Generated_Code/Cpu.o
                0x00004ae8                __init_hardware
 .text.PE_low_level_init
                0x00004c40      0x108 ./Generated_Code/Cpu.o
                0x00004c40                PE_low_level_init
 .text.BitsIoLdd2_Init
                0x00004d48       0x8c ./Generated_Code/BitsIoLdd2.o
                0x00004d48                BitsIoLdd2_Init
 .text.BitsIoLdd1_Init
                0x00004dd4       0xa4 ./Generated_Code/BitsIoLdd1.o
                0x00004dd4                BitsIoLdd1_Init
 .text.BitsIoLdd1_PutVal
                0x00004e78       0x30 ./Generated_Code/BitsIoLdd1.o
                0x00004e78                BitsIoLdd1_PutVal
 .text.BitIoLdd3_Init
                0x00004ea8       0x68 ./Generated_Code/BitIoLdd3.o
                0x00004ea8                BitIoLdd3_Init
 .text.BitIoLdd3_SetVal
                0x00004f10       0x1c ./Generated_Code/BitIoLdd3.o
                0x00004f10                BitIoLdd3_SetVal
 .text.BitIoLdd2_Init
                0x00004f2c       0x60 ./Generated_Code/BitIoLdd2.o
                0x00004f2c                BitIoLdd2_Init
 .text.BitIoLdd2_ClrVal
                0x00004f8c       0x18 ./Generated_Code/BitIoLdd2.o
                0x00004f8c                BitIoLdd2_ClrVal
 .text.BitIoLdd2_SetVal
                0x00004fa4       0x18 ./Generated_Code/BitIoLdd2.o
                0x00004fa4                BitIoLdd2_SetVal
 .text.BitIoLdd1_Init
                0x00004fbc       0x60 ./Generated_Code/BitIoLdd1.o
                0x00004fbc                BitIoLdd1_Init
 .text.BitIoLdd1_ClrVal
                0x0000501c       0x18 ./Generated_Code/BitIoLdd1.o
                0x0000501c                BitIoLdd1_ClrVal
 .text.BitIoLdd1_SetVal
                0x00005034       0x18 ./Generated_Code/BitIoLdd1.o
                0x00005034                BitIoLdd1_SetVal
 .text.AdcLdd1_Init
                0x0000504c       0xfc ./Generated_Code/AdcLdd1.o
                0x0000504c                AdcLdd1_Init
 .text.AdcLdd1_StartSingleMeasurement
                0x00005148       0x44 ./Generated_Code/AdcLdd1.o
                0x00005148                AdcLdd1_StartSingleMeasurement
 .text.AdcLdd1_CreateSampleGroup
                0x0000518c       0x68 ./Generated_Code/AdcLdd1.o
                0x0000518c                AdcLdd1_CreateSampleGroup
 .text.AdcLdd1_GetMeasuredValues
                0x000051f4       0x60 ./Generated_Code/AdcLdd1.o
                0x000051f4                AdcLdd1_GetMeasuredValues
 .text.AdcLdd1_GetCalibrationResultStatus
                0x00005254       0xb8 ./Generated_Code/AdcLdd1.o
                0x00005254                AdcLdd1_GetCalibrationResultStatus
 .text.AdcLdd1_MeasurementCompleteInterrupt
                0x0000530c       0x30 ./Generated_Code/AdcLdd1.o
                0x0000530c                AdcLdd1_MeasurementCompleteInterrupt
 .text.zero_fill_bss
                0x0000533c       0x24 ./Project_Settings/Startup_Code/__arm_start.o
 .text.__thumb_startup
                0x00005360       0x30 ./Project_Settings/Startup_Code/__arm_start.o
                0x00005360                __thumb_startup
 .text._ExitProcess
                0x00005390        0xc ./Project_Settings/Startup_Code/__arm_end.o
                0x00005390                _ExitProcess
 .text.TFC_TAOS_READ
                0x0000539c       0x84 ./Sources/TFC_Controller.o
                0x0000539c                TFC_TAOS_READ
 .text.TFC_DIGITALIZE_DER
                0x00005420       0x60 ./Sources/TFC_Controller.o
                0x00005420                TFC_DIGITALIZE_DER
 .text.TFC_DERIVATIVE
                0x00005480       0xbc ./Sources/TFC_Controller.o
                0x00005480                TFC_DERIVATIVE
 .text.TFC_GET_ERROR
                0x0000553c       0xfc ./Sources/TFC_Controller.o
                0x0000553c                TFC_GET_ERROR
 .text.LED_PRINT_ERROR
                0x00005638       0xe8 ./Sources/TFC_Controller.o
                0x00005638                LED_PRINT_ERROR
 .text.main     0x00005720      0x248 ./Sources/ProcessorExpert.o
                0x00005720                main
 .text.Cpu_OnNMIINT
                0x00005968        0x8 ./Sources/Events.o
                0x00005968                Cpu_OnNMIINT
 .text.TFC_ADCI_OnEnd
                0x00005970        0x8 ./Sources/Events.o
                0x00005970                TFC_ADCI_OnEnd
 .text.TFC_ADCI_OnCalibrationEnd
                0x00005978        0x8 ./Sources/Events.o
                0x00005978                TFC_ADCI_OnCalibrationEnd
 .text.TFC_INTE_OnInterrupt
                0x00005980       0x50 ./Sources/Events.o
                0x00005980                TFC_INTE_OnInterrupt
 .text.TFC_SERVO_OnEnd
                0x000059d0       0x1c ./Sources/Events.o
                0x000059d0                TFC_SERVO_OnEnd
 .text.printf   0x000059ec       0x28 C:/Freescale/CW MCU v10.4/MCU/ARM_GCC_Support/ewl/lib/armv6-m\libc.a(printf.o)
                0x000059ec                printf
 .text.exit     0x00005a14       0x38 C:/Freescale/CW MCU v10.4/MCU/ARM_GCC_Support/ewl/lib/armv6-m\libc.a(exit.o)
                0x00005a14                exit
 .text.memset   0x00005a4c        0xc C:/Freescale/CW MCU v10.4/MCU/ARM_GCC_Support/ewl/lib/armv6-m\libc.a(memset.o)
                0x00005a4c                memset
 .text.long2str.isra.0
                0x00005a58      0x19c C:/Freescale/CW MCU v10.4/MCU/ARM_GCC_Support/ewl/lib/armv6-m\libc.a(printformat_fp_ll.o)
 .text.longlong2str.isra.1
                0x00005bf4      0x1c8 C:/Freescale/CW MCU v10.4/MCU/ARM_GCC_Support/ewl/lib/armv6-m\libc.a(printformat_fp_ll.o)
 *fill*         0x00005dbc        0x4 00
 .text.__pformatterFPLL
                0x00005dc0      0x8d0 C:/Freescale/CW MCU v10.4/MCU/ARM_GCC_Support/ewl/lib/armv6-m\libc.a(printformat_fp_ll.o)
                0x00005dc0                __pformatterFPLL
 .text.__sformatter_FPLL
                0x00006690      0x880 C:/Freescale/CW MCU v10.4/MCU/ARM_GCC_Support/ewl/lib/armv6-m\libc.a(scanformat_fp_ll.o)
                0x00006690                __sformatter_FPLL
 .text.isalpha  0x00006f10       0x20 C:/Freescale/CW MCU v10.4/MCU/ARM_GCC_Support/ewl/lib/armv6-m\libc.a(ctype_aeabi.o)
                0x00006f10                isalpha
 .text.isspace  0x00006f30       0x20 C:/Freescale/CW MCU v10.4/MCU/ARM_GCC_Support/ewl/lib/armv6-m\libc.a(ctype_aeabi.o)
                0x00006f30                isspace
 .text.isupper  0x00006f50       0x20 C:/Freescale/CW MCU v10.4/MCU/ARM_GCC_Support/ewl/lib/armv6-m\libc.a(ctype_aeabi.o)
                0x00006f50                isupper
 .text.isxdigit
                0x00006f70       0x20 C:/Freescale/CW MCU v10.4/MCU/ARM_GCC_Support/ewl/lib/armv6-m\libc.a(ctype_aeabi.o)
                0x00006f70                isxdigit
 .text.toupper  0x00006f90        0xe C:/Freescale/CW MCU v10.4/MCU/ARM_GCC_Support/ewl/lib/armv6-m\libc.a(ctype_aeabi.o)
                0x00006f90                toupper
 *fill*         0x00006f9e        0x2 00
 .text.__strtold
                0x00006fa0      0x6d0 C:/Freescale/CW MCU v10.4/MCU/ARM_GCC_Support/ewl/lib/armv6-m\libc.a(__strtold.o)
                0x00006fa0                __strtold
 .text.__fwrite
                0x00007670      0x160 C:/Freescale/CW MCU v10.4/MCU/ARM_GCC_Support/ewl/lib/armv6-m\libc.a(fwrite.o)
                0x00007670                __fwrite
 .text.__FileWrite
                0x000077d0       0x1c C:/Freescale/CW MCU v10.4/MCU/ARM_GCC_Support/ewl/lib/armv6-m\libc.a(fwrite.o)
                0x000077d0                __FileWrite
 .text.__strtoul
                0x000077ec      0x1ce C:/Freescale/CW MCU v10.4/MCU/ARM_GCC_Support/ewl/lib/armv6-m\libc.a(__strtoul.o)
                0x000077ec                __strtoul
 .text.__strtoull
                0x000079ba      0x224 C:/Freescale/CW MCU v10.4/MCU/ARM_GCC_Support/ewl/lib/armv6-m\libc.a(__strtoull.o)
                0x000079ba                __strtoull
 .text.__fill_mem
                0x00007bde       0x7e C:/Freescale/CW MCU v10.4/MCU/ARM_GCC_Support/ewl/lib/armv6-m\libc.a(__filll_mem.o)
                0x00007bde                __fill_mem
 .text.__memrchr
                0x00007c5c       0x1e C:/Freescale/CW MCU v10.4/MCU/ARM_GCC_Support/ewl/lib/armv6-m\libc.a(__memrchr.o)
                0x00007c5c                __memrchr
 .text.memchr   0x00007c7a       0x1a C:/Freescale/CW MCU v10.4/MCU/ARM_GCC_Support/ewl/lib/armv6-m\libc.a(memchr.o)
                0x00007c7a                memchr
 .text.memcpy   0x00007c94       0x12 C:/Freescale/CW MCU v10.4/MCU/ARM_GCC_Support/ewl/lib/armv6-m\libc.a(memcpy.o)
                0x00007c94                memcpy
 .text.strchr   0x00007ca6       0x1e C:/Freescale/CW MCU v10.4/MCU/ARM_GCC_Support/ewl/lib/armv6-m\libc.a(strchr.o)
                0x00007ca6                strchr
 .text.strcpy   0x00007cc4       0x10 C:/Freescale/CW MCU v10.4/MCU/ARM_GCC_Support/ewl/lib/armv6-m\libc.a(strcpy.o)
                0x00007cc4                strcpy
 .text.strlen   0x00007cd4       0x10 C:/Freescale/CW MCU v10.4/MCU/ARM_GCC_Support/ewl/lib/armv6-m\libc.a(strlen.o)
                0x00007cd4                strlen
 .text.__prep_buffer
                0x00007ce4       0x14 C:/Freescale/CW MCU v10.4/MCU/ARM_GCC_Support/ewl/lib/armv6-m\libc.a(__buffer_io.o)
                0x00007ce4                __prep_buffer
 .text.__flush_buffer
                0x00007cf8       0x38 C:/Freescale/CW MCU v10.4/MCU/ARM_GCC_Support/ewl/lib/armv6-m\libc.a(__buffer_io.o)
                0x00007cf8                __flush_buffer
 .text.__num2dec
                0x00007d30      0x250 C:/Freescale/CW MCU v10.4/MCU/ARM_GCC_Support/ewl/lib/armv6-m\libm.a(ansi_fp.o)
                0x00007d30                __num2dec
 .text.__dec2num
                0x00007f80      0x168 C:/Freescale/CW MCU v10.4/MCU/ARM_GCC_Support/ewl/lib/armv6-m\libm.a(ansi_fp.o)
                0x00007f80                __dec2num
 .text.__round_decimal
                0x000080e8       0x98 C:/Freescale/CW MCU v10.4/MCU/ARM_GCC_Support/ewl/lib/armv6-m\libm.a(ansi_fp.o)
                0x000080e8                __round_decimal
 .text.__signbitd
                0x00008180        0x4 C:/Freescale/CW MCU v10.4/MCU/ARM_GCC_Support/ewl/lib/armv6-m\libm.a(math_api.o)
                0x00008180                __signbitd
 .text.__fpclassifyd
                0x00008184       0x38 C:/Freescale/CW MCU v10.4/MCU/ARM_GCC_Support/ewl/lib/armv6-m\libm.a(math_api.o)
                0x00008184                __fpclassifyd
 *fill*         0x000081bc        0x4 00
 .text.frexp    0x000081c0       0x80 C:/Freescale/CW MCU v10.4/MCU/ARM_GCC_Support/ewl/lib/armv6-m\libm.a(s_frexp.o)
                0x000081c0                frexp
 .text.pow      0x00008240        0x8 C:/Freescale/CW MCU v10.4/MCU/ARM_GCC_Support/ewl/lib/armv6-m\libm.a(w_pow.o)
                0x00008240                pow
 .text.__ieee754_pow
                0x00008248      0xb70 C:/Freescale/CW MCU v10.4/MCU/ARM_GCC_Support/ewl/lib/armv6-m\libm.a(e_pow.o)
                0x00008248                __ieee754_pow
 .text.scalbn   0x00008db8       0x14 C:/Freescale/CW MCU v10.4/MCU/ARM_GCC_Support/ewl/lib/armv6-m\libm.a(scalbn.o)
                0x00008db8                scalbn
 .text.sqrt     0x00008dcc        0x8 C:/Freescale/CW MCU v10.4/MCU/ARM_GCC_Support/ewl/lib/armv6-m\libm.a(w_sqrt.o)
                0x00008dcc                sqrt
 .text.__ieee754_sqrt
                0x00008dd4      0x17c C:/Freescale/CW MCU v10.4/MCU/ARM_GCC_Support/ewl/lib/armv6-m\libm.a(e_sqrt.o)
                0x00008dd4                __ieee754_sqrt
 .text.ldexp    0x00008f50      0x148 C:/Freescale/CW MCU v10.4/MCU/ARM_GCC_Support/ewl/lib/armv6-m\libm.a(s_ldexp.o)
                0x00008f50                ldexp
 .text.__init_cpp
                0x00009098       0x48 C:/Freescale/CW MCU v10.4/MCU/ARM_GCC_Support/ewl/lib/armv6-m\librt.a(gcc_ctor_dtor.o)
                0x00009098                __init_cpp
 .text.__fini_cpp
                0x000090e0       0x34 C:/Freescale/CW MCU v10.4/MCU/ARM_GCC_Support/ewl/lib/armv6-m\librt.a(gcc_ctor_dtor.o)
                0x000090e0                __fini_cpp
 .text.__copy_rom_section
                0x00009114       0x48 C:/Freescale/CW MCU v10.4/MCU/ARM_GCC_Support/ewl/lib/armv6-m\librt.a(ROMCopy.o)
                0x00009114                __copy_rom_section
 .text.__copy_rom_sections_to_ram
                0x0000915c       0x34 C:/Freescale/CW MCU v10.4/MCU/ARM_GCC_Support/ewl/lib/armv6-m\librt.a(ROMCopy.o)
                0x0000915c                __copy_rom_sections_to_ram
 .text.__destroy_global_chain
                0x00009190       0x1c C:/Freescale/CW MCU v10.4/MCU/ARM_GCC_Support/ewl/lib/armv6-m\librt.a(__arm_eabi_init.o)
                0x00009190                __destroy_global_chain
 .text.__init_registers
                0x000091ac       0x1c C:/Freescale/CW MCU v10.4/MCU/ARM_GCC_Support/ewl/lib/armv6-m\librt.a(__arm_eabi_init.o)
                0x000091ac                __init_registers
 .text.__init_user
                0x000091c8        0x4 C:/Freescale/CW MCU v10.4/MCU/ARM_GCC_Support/ewl/lib/armv6-m\librt.a(__arm_eabi_init.o)
                0x000091c8                __init_user
 *(.rodata)
 .rodata        0x000091cc       0x10 ./Sources/ProcessorExpert.o
 .rodata        0x000091dc       0x20 C:/Freescale/CW MCU v10.4/MCU/ARM_GCC_Support/ewl/lib/armv6-m\libc.a(__strtold.o)
 .rodata        0x000091fc       0x40 c:/freescale/cw mcu v10.4/cross_tools/arm-none-eabi-gcc-4_7_3/bin/../lib/gcc/arm-none-eabi/4.7.3/armv6-m\libgcc.a(divsf3.o)
 .rodata        0x0000923c       0x40 c:/freescale/cw mcu v10.4/cross_tools/arm-none-eabi-gcc-4_7_3/bin/../lib/gcc/arm-none-eabi/4.7.3/armv6-m\libgcc.a(mulsf3.o)
 .rodata        0x0000927c       0x40 c:/freescale/cw mcu v10.4/cross_tools/arm-none-eabi-gcc-4_7_3/bin/../lib/gcc/arm-none-eabi/4.7.3/armv6-m\libgcc.a(divdf3.o)
 .rodata        0x000092bc       0x40 c:/freescale/cw mcu v10.4/cross_tools/arm-none-eabi-gcc-4_7_3/bin/../lib/gcc/arm-none-eabi/4.7.3/armv6-m\libgcc.a(muldf3.o)
 *(.rodata*)
 .rodata.ChannelDevice
                0x000092fc        0x4 ./Generated_Code/TU3.o
 .rodata.ChannelMode
                0x00009300        0x4 ./Generated_Code/TU3.o
 .rodata.ChannelDevice
                0x00009304        0x4 ./Generated_Code/TU2.o
 .rodata.ChannelMode
                0x00009308        0x4 ./Generated_Code/TU2.o
 .rodata.Table  0x0000930c        0x4 ./Generated_Code/TFC_ADCI.o
 .rodata.ChannelToPin
                0x00009310        0x4 ./Generated_Code/AdcLdd1.o
 .rodata.str1.1
                0x00009314       0x14 C:/Freescale/CW MCU v10.4/MCU/ARM_GCC_Support/ewl/lib/armv6-m\libc.a(printformat_fp_ll.o)
                                 0x25 (size before relaxing)
 .rodata.__aeabi_ctype_table_C
                0x00009328      0x101 C:/Freescale/CW MCU v10.4/MCU/ARM_GCC_Support/ewl/lib/armv6-m\libc.a(ctype_aeabi.o)
                0x00009328                __aeabi_ctype_table_C
 *fill*         0x00009429        0x7 00
 .rodata.digit_values
                0x00009430       0x40 C:/Freescale/CW MCU v10.4/MCU/ARM_GCC_Support/ewl/lib/armv6-m\libm.a(ansi_fp.o)
 .rodata.bit_values
                0x00009470       0x48 C:/Freescale/CW MCU v10.4/MCU/ARM_GCC_Support/ewl/lib/armv6-m\libm.a(ansi_fp.o)
 .rodata.dp_h   0x000094b8       0x10 C:/Freescale/CW MCU v10.4/MCU/ARM_GCC_Support/ewl/lib/armv6-m\libm.a(e_pow.o)
 .rodata.dp_l   0x000094c8       0x10 C:/Freescale/CW MCU v10.4/MCU/ARM_GCC_Support/ewl/lib/armv6-m\libm.a(e_pow.o)
 .rodata.bp     0x000094d8       0x10 C:/Freescale/CW MCU v10.4/MCU/ARM_GCC_Support/ewl/lib/armv6-m\libm.a(e_pow.o)
 *(.glue_7)
 .glue_7        0x00000000        0x0 linker stubs
 *(.glue_7t)
 .glue_7t       0x00000000        0x0 linker stubs
 *(.eh_frame)
 *(.init)
 *(.fini)
                0x000094e8                . = ALIGN (0x4)
                0x000094e8                _etext = .

.vfp11_veneer   0x000094e8        0x0
 .vfp11_veneer  0x00000000        0x0 linker stubs

.v4_bx          0x000094e8        0x0
 .v4_bx         0x00000000        0x0 linker stubs

.iplt           0x000094e8        0x0
 .iplt          0x00000000        0x0 ./Generated_Code/WAIT1.o

.ARM.extab
 *(.ARM.extab* .gnu.linkonce.armextab.*)

.ARM            0x000094e8        0x8
                0x000094e8                __exidx_start = .
 *(.ARM.exidx*)
 .ARM.exidx     0x000094e8        0x8 c:/freescale/cw mcu v10.4/cross_tools/arm-none-eabi-gcc-4_7_3/bin/../lib/gcc/arm-none-eabi/4.7.3/armv6-m\libgcc.a(_divdi3.o)
 .ARM.exidx     0x000094f0        0x0 c:/freescale/cw mcu v10.4/cross_tools/arm-none-eabi-gcc-4_7_3/bin/../lib/gcc/arm-none-eabi/4.7.3/armv6-m\libgcc.a(_udivdi3.o)
                                  0x8 (size before relaxing)
                0x000094f0                __exidx_end = .

.rel.dyn        0x000094f0        0x0
 .rel.iplt      0x00000000        0x0 ./Generated_Code/WAIT1.o

.ctors          0x000094f0        0x0
                0x000094f0                __CTOR_LIST__ = .
 *crtbegin.o(.ctors)
 *(EXCLUDE_FILE(*crtend.o) .ctors)
 *(SORT(.ctors.*))
 *(.ctors)
                0x000094f0                __CTOR_END__ = .

.dtors          0x000094f0        0x0
                0x000094f0                __DTOR_LIST__ = .
 *crtbegin.o(.dtors)
 *(EXCLUDE_FILE(*crtend.o) .dtors)
 *(SORT(.dtors.*))
 *(.dtors)
                0x000094f0                __DTOR_END__ = .

.preinit_array  0x000094f0        0x0
                0x000094f0                PROVIDE (__preinit_array_start, .)
 *(.preinit_array*)
                0x000094f0                PROVIDE (__preinit_array_end, .)

.init_array     0x000094f0        0x0
                0x000094f0                PROVIDE (__init_array_start, .)
 *(SORT(.init_array.*))
 *(.init_array*)
                0x000094f0                PROVIDE (__init_array_end, .)

.fini_array     0x000094f0        0x0
                0x000094f0                PROVIDE (__fini_array_start, .)
 *(SORT(.fini_array.*))
 *(.fini_array*)
                0x000094f0                PROVIDE (__fini_array_end, .)
                0x000094f0                ___ROM_AT = .

.mtb            0x1ffff000        0x0
                0x1ffff000                . = ALIGN (0x8)
                0x1ffff000                _mtb_start = .
 *(.mtb_buf)
                0x1ffff000                . = ALIGN (0x8)
                0x1ffff000                _mtb_end = .

.data           0x1ffff000       0xec load address 0x000094f0
                0x1ffff000                . = ALIGN (0x4)
                0x1ffff000                _sdata = .
 *(.data)
 *(.data*)
 .data.Rearspeed
                0x1ffff000        0x2 ./Sources/ProcessorExpert.o
                0x1ffff000                Rearspeed
 *fill*         0x1ffff002        0x2 00
 .data.__files  0x1ffff004       0xcc C:/Freescale/CW MCU v10.4/MCU/ARM_GCC_Support/ewl/lib/armv6-m\libc.a(ansi_files.o)
                0x1ffff004                __files
 .data.__double_nan
                0x1ffff0d0        0x8 C:/Freescale/CW MCU v10.4/MCU/ARM_GCC_Support/ewl/lib/armv6-m\libm.a(float.o)
                0x1ffff0d0                __double_nan
 .data.__double_huge
                0x1ffff0d8        0x8 C:/Freescale/CW MCU v10.4/MCU/ARM_GCC_Support/ewl/lib/armv6-m\libm.a(float.o)
                0x1ffff0d8                __double_huge
 .data.__float_nan
                0x1ffff0e0        0x4 C:/Freescale/CW MCU v10.4/MCU/ARM_GCC_Support/ewl/lib/armv6-m\libm.a(float.o)
                0x1ffff0e0                __float_nan
 .data.__extended_max
                0x1ffff0e4        0x8 C:/Freescale/CW MCU v10.4/MCU/ARM_GCC_Support/ewl/lib/armv6-m\libm.a(float.o)
                0x1ffff0e4                __extended_max
                0x1ffff0ec                . = ALIGN (0x4)
                0x1ffff0ec                _edata = .
                0x000000ec                ___data_size = (_edata - _sdata)

.igot.plt       0x1ffff0ec        0x0 load address 0x000095dc
 .igot.plt      0x00000000        0x0 ./Generated_Code/WAIT1.o
                0x1ffff0ec                . = ALIGN (0x4)

.bss            0x1ffff0ec      0x6dc load address 0x000095dc
                0x1ffff0ec                __START_BSS = .
                0x1ffff0ec                __bss_start__ = __START_BSS
 *(.bss)
 *(.bss*)
 .bss.DeviceDataPrv__DEFAULT_RTOS_ALLOC
                0x1ffff0ec        0xc ./Generated_Code/TimerIntLdd1.o
 .bss.DeviceDataPrv__DEFAULT_RTOS_ALLOC
                0x1ffff0f8        0x8 ./Generated_Code/TU3.o
 .bss.DeviceDataPrv__DEFAULT_RTOS_ALLOC
                0x1ffff100        0xc ./Generated_Code/TU2.o
 .bss.INT_TPM1__DEFAULT_RTOS_ISRPARAM
                0x1ffff10c        0x4 ./Generated_Code/TU2.o
 .bss.DeviceDataPrv__DEFAULT_RTOS_ALLOC
                0x1ffff110        0x8 ./Generated_Code/TU1.o
 .bss.INT_LPTimer__DEFAULT_RTOS_ISRPARAM
                0x1ffff118        0x4 ./Generated_Code/TU1.o
 .bss.SumChan   0x1ffff11c        0x1 ./Generated_Code/TFC_ADCI.o
 .bss.ModeFlg   0x1ffff11d        0x1 ./Generated_Code/TFC_ADCI.o
 *fill*         0x1ffff11e        0x2 00
 .bss.SampleGroup
                0x1ffff120        0x4 ./Generated_Code/TFC_ADCI.o
 .bss.OutFlg    0x1ffff124        0x1 ./Generated_Code/TFC_ADCI.o
 *fill*         0x1ffff125        0x3 00
 .bss.DeviceDataPrv__DEFAULT_RTOS_ALLOC
                0x1ffff128        0xc ./Generated_Code/PwmLdd3.o
 .bss.DeviceDataPrv__DEFAULT_RTOS_ALLOC
                0x1ffff134        0xc ./Generated_Code/PwmLdd2.o
 .bss.DeviceDataPrv__DEFAULT_RTOS_ALLOC
                0x1ffff140        0xc ./Generated_Code/PwmLdd1.o
 .bss.PE_LDD_DeviceDataList
                0x1ffff14c       0x38 ./Generated_Code/PE_LDD.o
                0x1ffff14c                PE_LDD_DeviceDataList
 .bss.DeviceDataPrv__DEFAULT_RTOS_ALLOC
                0x1ffff184       0x18 ./Generated_Code/IO1.o
 .bss.DeviceDataPrv__DEFAULT_RTOS_ALLOC
                0x1ffff19c        0x4 ./Generated_Code/BitsIoLdd2.o
 .bss.DeviceDataPrv__DEFAULT_RTOS_ALLOC
                0x1ffff1a0        0x4 ./Generated_Code/BitsIoLdd1.o
 .bss.DeviceDataPrv__DEFAULT_RTOS_ALLOC
                0x1ffff1a4        0x4 ./Generated_Code/BitIoLdd3.o
 .bss.DeviceDataPrv__DEFAULT_RTOS_ALLOC
                0x1ffff1a8        0x4 ./Generated_Code/BitIoLdd2.o
 .bss.DeviceDataPrv__DEFAULT_RTOS_ALLOC
                0x1ffff1ac        0x4 ./Generated_Code/BitIoLdd1.o
 .bss.DeviceDataPrv__DEFAULT_RTOS_ALLOC
                0x1ffff1b0        0x8 ./Generated_Code/AdcLdd1.o
 .bss.INT_ADC0__DEFAULT_RTOS_ISRPARAM
                0x1ffff1b8        0x4 ./Generated_Code/AdcLdd1.o
 .bss.argv      0x1ffff1bc        0x4 ./Project_Settings/Startup_Code/__arm_start.o
 .bss.errorR    0x1ffff1c0        0x4 ./Sources/ProcessorExpert.o
                0x1ffff1c0                errorR
 .bss.errorL    0x1ffff1c4        0x4 ./Sources/ProcessorExpert.o
                0x1ffff1c4                errorL
 .bss.error     0x1ffff1c8        0x4 ./Sources/ProcessorExpert.o
                0x1ffff1c8                error
 .bss.errorp    0x1ffff1cc        0x4 ./Sources/ProcessorExpert.o
                0x1ffff1cc                errorp
 .bss.correction
                0x1ffff1d0        0x4 ./Sources/ProcessorExpert.o
                0x1ffff1d0                correction
 .bss.de        0x1ffff1d4        0x4 ./Sources/ProcessorExpert.o
                0x1ffff1d4                de
 .bss.__stdio_exit
                0x1ffff1d8        0x4 C:/Freescale/CW MCU v10.4/MCU/ARM_GCC_Support/ewl/lib/armv6-m\libc.a(exit.o)
                0x1ffff1d8                __stdio_exit
 .bss.__console_exit
                0x1ffff1dc        0x4 C:/Freescale/CW MCU v10.4/MCU/ARM_GCC_Support/ewl/lib/armv6-m\libc.a(exit.o)
                0x1ffff1dc                __console_exit
 .bss.__S_romp  0x1ffff1e0        0xc C:/Freescale/CW MCU v10.4/MCU/ARM_GCC_Support/ewl/lib/armv6-m\librt.a(ROMCopy.o)
 .bss.__global_destructor_chain
                0x1ffff1ec        0x4 C:/Freescale/CW MCU v10.4/MCU/ARM_GCC_Support/ewl/lib/armv6-m\librt.a(__arm_eabi_init.o)
                0x1ffff1ec                __global_destructor_chain
 *(COMMON)
 COMMON         0x1ffff1f0        0xc ./Generated_Code/TFC_ADCI.o
                0x1ffff1f0                AdcLdd1_DeviceDataPtr
                0x1ffff1f4                TFC_ADCI_OutV
 COMMON         0x1ffff1fc      0x508 ./Sources/TFC_Controller.o
                0x1ffff1fc                TAOS_DIG2
                0x1ffff2fc                TAOS_DER
                0x1ffff4fc                TickCounter
                0x1ffff500                Curr_Task
                0x1ffff504                TAOS_VAL
                0x1ffff604                TAOS_DIG
 COMMON         0x1ffff704       0xc0 C:/Freescale/CW MCU v10.4/MCU/ARM_GCC_Support/ewl/lib/armv6-m\libc.a(ansi_files.o)
                0x1ffff704                stdout_buff
                0x1ffff744                stdin_buff
                0x1ffff784                stderr_buff
 COMMON         0x1ffff7c4        0x4 C:/Freescale/CW MCU v10.4/MCU/ARM_GCC_Support/ewl/lib/armv6-m\libc.a(errno.o)
                0x1ffff7c4                errno
                0x1ffff7c8                . = ALIGN (0x4)
                0x1ffff7c8                __END_BSS = .
                0x1ffff7c8                __bss_end__ = __END_BSS

._user_heap_stack
                0x1ffff7c8      0x400 load address 0x00009cb8
                0x1ffff7c8                . = ALIGN (0x4)
                0x1ffff7c8                PROVIDE (end, .)
                0x1ffff7c8                PROVIDE (_end, .)
                0x1ffff7c8                __heap_addr = .
                0x1ffff7c8                . = (. + __heap_size)
                0x1ffffbc8                . = (. + __stack_size)
 *fill*         0x1ffff7c8      0x400 00
                0x1ffffbc8                . = ALIGN (0x4)
                0x000095dc                _romp_at = (___ROM_AT + SIZEOF (.data))

.romp           0x1ffffbc8       0x18 load address 0x000095dc
                0x000095dc                __S_romp = _romp_at
                0x1ffffbc8        0x4 LONG 0x94f0 ___ROM_AT
                0x1ffffbcc        0x4 LONG 0x1ffff000 _sdata
                0x1ffffbd0        0x4 LONG 0xec ___data_size
                0x1ffffbd4        0x4 LONG 0x0
                0x1ffffbd8        0x4 LONG 0x0
                0x1ffffbdc        0x4 LONG 0x0

.ARM.attributes
                0x00000000       0x31
 *(.ARM.attributes)
 .ARM.attributes
                0x00000000       0x31 ./Generated_Code/WAIT1.o
 .ARM.attributes
                0x00000031       0x31 ./Generated_Code/Vectors.o
 .ARM.attributes
                0x00000062       0x31 ./Generated_Code/TimerIntLdd1.o
 .ARM.attributes
                0x00000093       0x31 ./Generated_Code/TU3.o
 .ARM.attributes
                0x000000c4       0x31 ./Generated_Code/TU2.o
 .ARM.attributes
                0x000000f5       0x31 ./Generated_Code/TU1.o
 .ARM.attributes
                0x00000126       0x31 ./Generated_Code/TFC_SERVO.o
 .ARM.attributes
                0x00000157       0x31 ./Generated_Code/TFC_INTE.o
 .ARM.attributes
                0x00000188       0x31 ./Generated_Code/TFC_ADCI.o
 .ARM.attributes
                0x000001b9       0x31 ./Generated_Code/PwmLdd3.o
 .ARM.attributes
                0x000001ea       0x31 ./Generated_Code/PwmLdd2.o
 .ARM.attributes
                0x0000021b       0x31 ./Generated_Code/PwmLdd1.o
 .ARM.attributes
                0x0000024c       0x31 ./Generated_Code/PE_LDD.o
 .ARM.attributes
                0x0000027d       0x31 ./Generated_Code/IO1.o
 .ARM.attributes
                0x000002ae       0x31 ./Generated_Code/CsIO1.o
 .ARM.attributes
                0x000002df       0x31 ./Generated_Code/Cpu.o
 .ARM.attributes
                0x00000310       0x31 ./Generated_Code/BitsIoLdd2.o
 .ARM.attributes
                0x00000341       0x31 ./Generated_Code/BitsIoLdd1.o
 .ARM.attributes
                0x00000372       0x31 ./Generated_Code/BitIoLdd3.o
 .ARM.attributes
                0x000003a3       0x31 ./Generated_Code/BitIoLdd2.o
 .ARM.attributes
                0x000003d4       0x31 ./Generated_Code/BitIoLdd1.o
 .ARM.attributes
                0x00000405       0x31 ./Generated_Code/AdcLdd1.o
 .ARM.attributes
                0x00000436       0x31 ./Project_Settings/Startup_Code/__arm_start.o
 .ARM.attributes
                0x00000467       0x31 ./Project_Settings/Startup_Code/__arm_end.o
 .ARM.attributes
                0x00000498       0x31 ./Sources/TFC_Controller.o
 .ARM.attributes
                0x000004c9       0x31 ./Sources/ProcessorExpert.o
 .ARM.attributes
                0x000004fa       0x31 ./Sources/Events.o
 .ARM.attributes
                0x0000052b       0x31 C:/Freescale/CW MCU v10.4/MCU/ARM_GCC_Support/ewl/lib/armv6-m\libc.a(printf.o)
 .ARM.attributes
                0x0000055c       0x31 C:/Freescale/CW MCU v10.4/MCU/ARM_GCC_Support/ewl/lib/armv6-m\libc.a(exit.o)
 .ARM.attributes
                0x0000058d       0x31 C:/Freescale/CW MCU v10.4/MCU/ARM_GCC_Support/ewl/lib/armv6-m\libc.a(memset.o)
 .ARM.attributes
                0x000005be       0x31 C:/Freescale/CW MCU v10.4/MCU/ARM_GCC_Support/ewl/lib/armv6-m\libc.a(printformat_fp_ll.o)
 .ARM.attributes
                0x000005ef       0x31 C:/Freescale/CW MCU v10.4/MCU/ARM_GCC_Support/ewl/lib/armv6-m\libc.a(scanformat_fp_ll.o)
 .ARM.attributes
                0x00000620       0x31 C:/Freescale/CW MCU v10.4/MCU/ARM_GCC_Support/ewl/lib/armv6-m\libc.a(ctype_aeabi.o)
 .ARM.attributes
                0x00000651       0x31 C:/Freescale/CW MCU v10.4/MCU/ARM_GCC_Support/ewl/lib/armv6-m\libc.a(__strtold.o)
 .ARM.attributes
                0x00000682       0x31 C:/Freescale/CW MCU v10.4/MCU/ARM_GCC_Support/ewl/lib/armv6-m\libc.a(ansi_files.o)
 .ARM.attributes
                0x000006b3       0x31 C:/Freescale/CW MCU v10.4/MCU/ARM_GCC_Support/ewl/lib/armv6-m\libc.a(fwrite.o)
 .ARM.attributes
                0x000006e4       0x31 C:/Freescale/CW MCU v10.4/MCU/ARM_GCC_Support/ewl/lib/armv6-m\libc.a(__strtoul.o)
 .ARM.attributes
                0x00000715       0x31 C:/Freescale/CW MCU v10.4/MCU/ARM_GCC_Support/ewl/lib/armv6-m\libc.a(__strtoull.o)
 .ARM.attributes
                0x00000746       0x31 C:/Freescale/CW MCU v10.4/MCU/ARM_GCC_Support/ewl/lib/armv6-m\libc.a(__filll_mem.o)
 .ARM.attributes
                0x00000777       0x31 C:/Freescale/CW MCU v10.4/MCU/ARM_GCC_Support/ewl/lib/armv6-m\libc.a(__memrchr.o)
 .ARM.attributes
                0x000007a8       0x31 C:/Freescale/CW MCU v10.4/MCU/ARM_GCC_Support/ewl/lib/armv6-m\libc.a(memchr.o)
 .ARM.attributes
                0x000007d9       0x31 C:/Freescale/CW MCU v10.4/MCU/ARM_GCC_Support/ewl/lib/armv6-m\libc.a(memcpy.o)
 .ARM.attributes
                0x0000080a       0x31 C:/Freescale/CW MCU v10.4/MCU/ARM_GCC_Support/ewl/lib/armv6-m\libc.a(strchr.o)
 .ARM.attributes
                0x0000083b       0x31 C:/Freescale/CW MCU v10.4/MCU/ARM_GCC_Support/ewl/lib/armv6-m\libc.a(strcpy.o)
 .ARM.attributes
                0x0000086c       0x31 C:/Freescale/CW MCU v10.4/MCU/ARM_GCC_Support/ewl/lib/armv6-m\libc.a(strlen.o)
 .ARM.attributes
                0x0000089d       0x31 C:/Freescale/CW MCU v10.4/MCU/ARM_GCC_Support/ewl/lib/armv6-m\libc.a(errno.o)
 .ARM.attributes
                0x000008ce       0x31 C:/Freescale/CW MCU v10.4/MCU/ARM_GCC_Support/ewl/lib/armv6-m\libc.a(__buffer_io.o)
 .ARM.attributes
                0x000008ff       0x31 C:/Freescale/CW MCU v10.4/MCU/ARM_GCC_Support/ewl/lib/armv6-m\libm.a(ansi_fp.o)
 .ARM.attributes
                0x00000930       0x31 C:/Freescale/CW MCU v10.4/MCU/ARM_GCC_Support/ewl/lib/armv6-m\libm.a(float.o)
 .ARM.attributes
                0x00000961       0x31 C:/Freescale/CW MCU v10.4/MCU/ARM_GCC_Support/ewl/lib/armv6-m\libm.a(math_api.o)
 .ARM.attributes
                0x00000992       0x31 C:/Freescale/CW MCU v10.4/MCU/ARM_GCC_Support/ewl/lib/armv6-m\libm.a(s_frexp.o)
 .ARM.attributes
                0x000009c3       0x31 C:/Freescale/CW MCU v10.4/MCU/ARM_GCC_Support/ewl/lib/armv6-m\libm.a(w_pow.o)
 .ARM.attributes
                0x000009f4       0x31 C:/Freescale/CW MCU v10.4/MCU/ARM_GCC_Support/ewl/lib/armv6-m\libm.a(e_pow.o)
 .ARM.attributes
                0x00000a25       0x31 C:/Freescale/CW MCU v10.4/MCU/ARM_GCC_Support/ewl/lib/armv6-m\libm.a(scalbn.o)
 .ARM.attributes
                0x00000a56       0x31 C:/Freescale/CW MCU v10.4/MCU/ARM_GCC_Support/ewl/lib/armv6-m\libm.a(w_sqrt.o)
 .ARM.attributes
                0x00000a87       0x31 C:/Freescale/CW MCU v10.4/MCU/ARM_GCC_Support/ewl/lib/armv6-m\libm.a(e_sqrt.o)
 .ARM.attributes
                0x00000ab8       0x31 C:/Freescale/CW MCU v10.4/MCU/ARM_GCC_Support/ewl/lib/armv6-m\libm.a(s_ldexp.o)
 .ARM.attributes
                0x00000ae9       0x1e c:/freescale/cw mcu v10.4/cross_tools/arm-none-eabi-gcc-4_7_3/bin/../lib/gcc/arm-none-eabi/4.7.3/armv6-m\libgcc.a(_thumb1_case_sqi.o)
 .ARM.attributes
                0x00000b07       0x1e c:/freescale/cw mcu v10.4/cross_tools/arm-none-eabi-gcc-4_7_3/bin/../lib/gcc/arm-none-eabi/4.7.3/armv6-m\libgcc.a(_thumb1_case_uqi.o)
 .ARM.attributes
                0x00000b25       0x1e c:/freescale/cw mcu v10.4/cross_tools/arm-none-eabi-gcc-4_7_3/bin/../lib/gcc/arm-none-eabi/4.7.3/armv6-m\libgcc.a(_thumb1_case_shi.o)
 .ARM.attributes
                0x00000b43       0x1e c:/freescale/cw mcu v10.4/cross_tools/arm-none-eabi-gcc-4_7_3/bin/../lib/gcc/arm-none-eabi/4.7.3/armv6-m\libgcc.a(_udivsi3.o)
 .ARM.attributes
                0x00000b61       0x1e c:/freescale/cw mcu v10.4/cross_tools/arm-none-eabi-gcc-4_7_3/bin/../lib/gcc/arm-none-eabi/4.7.3/armv6-m\libgcc.a(_divsi3.o)
 .ARM.attributes
                0x00000b7f       0x1e c:/freescale/cw mcu v10.4/cross_tools/arm-none-eabi-gcc-4_7_3/bin/../lib/gcc/arm-none-eabi/4.7.3/armv6-m\libgcc.a(_dvmd_tls.o)
 .ARM.attributes
                0x00000b9d       0x1e c:/freescale/cw mcu v10.4/cross_tools/arm-none-eabi-gcc-4_7_3/bin/../lib/gcc/arm-none-eabi/4.7.3/armv6-m\libgcc.a(_arm_cmpdf2.o)
 .ARM.attributes
                0x00000bbb       0x1e c:/freescale/cw mcu v10.4/cross_tools/arm-none-eabi-gcc-4_7_3/bin/../lib/gcc/arm-none-eabi/4.7.3/armv6-m\libgcc.a(_arm_cmpsf2.o)
 .ARM.attributes
                0x00000bd9       0x1e c:/freescale/cw mcu v10.4/cross_tools/arm-none-eabi-gcc-4_7_3/bin/../lib/gcc/arm-none-eabi/4.7.3/armv6-m\libgcc.a(_aeabi_uldivmod.o)
 .ARM.attributes
                0x00000bf7       0x2c c:/freescale/cw mcu v10.4/cross_tools/arm-none-eabi-gcc-4_7_3/bin/../lib/gcc/arm-none-eabi/4.7.3/armv6-m\libgcc.a(_muldi3.o)
 .ARM.attributes
                0x00000c23       0x2c c:/freescale/cw mcu v10.4/cross_tools/arm-none-eabi-gcc-4_7_3/bin/../lib/gcc/arm-none-eabi/4.7.3/armv6-m\libgcc.a(_fixunssfsi.o)
 .ARM.attributes
                0x00000c4f       0x2c c:/freescale/cw mcu v10.4/cross_tools/arm-none-eabi-gcc-4_7_3/bin/../lib/gcc/arm-none-eabi/4.7.3/armv6-m\libgcc.a(bpabi.o)
 .ARM.attributes
                0x00000c7b       0x2c c:/freescale/cw mcu v10.4/cross_tools/arm-none-eabi-gcc-4_7_3/bin/../lib/gcc/arm-none-eabi/4.7.3/armv6-m\libgcc.a(addsf3.o)
 .ARM.attributes
                0x00000ca7       0x2c c:/freescale/cw mcu v10.4/cross_tools/arm-none-eabi-gcc-4_7_3/bin/../lib/gcc/arm-none-eabi/4.7.3/armv6-m\libgcc.a(divsf3.o)
 .ARM.attributes
                0x00000cd3       0x2c c:/freescale/cw mcu v10.4/cross_tools/arm-none-eabi-gcc-4_7_3/bin/../lib/gcc/arm-none-eabi/4.7.3/armv6-m\libgcc.a(eqsf2.o)
 .ARM.attributes
                0x00000cff       0x2c c:/freescale/cw mcu v10.4/cross_tools/arm-none-eabi-gcc-4_7_3/bin/../lib/gcc/arm-none-eabi/4.7.3/armv6-m\libgcc.a(gesf2.o)
 .ARM.attributes
                0x00000d2b       0x2c c:/freescale/cw mcu v10.4/cross_tools/arm-none-eabi-gcc-4_7_3/bin/../lib/gcc/arm-none-eabi/4.7.3/armv6-m\libgcc.a(lesf2.o)
 .ARM.attributes
                0x00000d57       0x2c c:/freescale/cw mcu v10.4/cross_tools/arm-none-eabi-gcc-4_7_3/bin/../lib/gcc/arm-none-eabi/4.7.3/armv6-m\libgcc.a(mulsf3.o)
 .ARM.attributes
                0x00000d83       0x2c c:/freescale/cw mcu v10.4/cross_tools/arm-none-eabi-gcc-4_7_3/bin/../lib/gcc/arm-none-eabi/4.7.3/armv6-m\libgcc.a(subsf3.o)
 .ARM.attributes
                0x00000daf       0x2c c:/freescale/cw mcu v10.4/cross_tools/arm-none-eabi-gcc-4_7_3/bin/../lib/gcc/arm-none-eabi/4.7.3/armv6-m\libgcc.a(fixsfsi.o)
 .ARM.attributes
                0x00000ddb       0x2c c:/freescale/cw mcu v10.4/cross_tools/arm-none-eabi-gcc-4_7_3/bin/../lib/gcc/arm-none-eabi/4.7.3/armv6-m\libgcc.a(floatsisf.o)
 .ARM.attributes
                0x00000e07       0x2c c:/freescale/cw mcu v10.4/cross_tools/arm-none-eabi-gcc-4_7_3/bin/../lib/gcc/arm-none-eabi/4.7.3/armv6-m\libgcc.a(floatunsisf.o)
 .ARM.attributes
                0x00000e33       0x2c c:/freescale/cw mcu v10.4/cross_tools/arm-none-eabi-gcc-4_7_3/bin/../lib/gcc/arm-none-eabi/4.7.3/armv6-m\libgcc.a(adddf3.o)
 .ARM.attributes
                0x00000e5f       0x2c c:/freescale/cw mcu v10.4/cross_tools/arm-none-eabi-gcc-4_7_3/bin/../lib/gcc/arm-none-eabi/4.7.3/armv6-m\libgcc.a(divdf3.o)
 .ARM.attributes
                0x00000e8b       0x2c c:/freescale/cw mcu v10.4/cross_tools/arm-none-eabi-gcc-4_7_3/bin/../lib/gcc/arm-none-eabi/4.7.3/armv6-m\libgcc.a(eqdf2.o)
 .ARM.attributes
                0x00000eb7       0x2c c:/freescale/cw mcu v10.4/cross_tools/arm-none-eabi-gcc-4_7_3/bin/../lib/gcc/arm-none-eabi/4.7.3/armv6-m\libgcc.a(gedf2.o)
 .ARM.attributes
                0x00000ee3       0x2c c:/freescale/cw mcu v10.4/cross_tools/arm-none-eabi-gcc-4_7_3/bin/../lib/gcc/arm-none-eabi/4.7.3/armv6-m\libgcc.a(ledf2.o)
 .ARM.attributes
                0x00000f0f       0x2c c:/freescale/cw mcu v10.4/cross_tools/arm-none-eabi-gcc-4_7_3/bin/../lib/gcc/arm-none-eabi/4.7.3/armv6-m\libgcc.a(muldf3.o)
 .ARM.attributes
                0x00000f3b       0x2c c:/freescale/cw mcu v10.4/cross_tools/arm-none-eabi-gcc-4_7_3/bin/../lib/gcc/arm-none-eabi/4.7.3/armv6-m\libgcc.a(subdf3.o)
 .ARM.attributes
                0x00000f67       0x2c c:/freescale/cw mcu v10.4/cross_tools/arm-none-eabi-gcc-4_7_3/bin/../lib/gcc/arm-none-eabi/4.7.3/armv6-m\libgcc.a(fixdfsi.o)
 .ARM.attributes
                0x00000f93       0x2c c:/freescale/cw mcu v10.4/cross_tools/arm-none-eabi-gcc-4_7_3/bin/../lib/gcc/arm-none-eabi/4.7.3/armv6-m\libgcc.a(floatsidf.o)
 .ARM.attributes
                0x00000fbf       0x2c c:/freescale/cw mcu v10.4/cross_tools/arm-none-eabi-gcc-4_7_3/bin/../lib/gcc/arm-none-eabi/4.7.3/armv6-m\libgcc.a(extendsfdf2.o)
 .ARM.attributes
                0x00000feb       0x2c c:/freescale/cw mcu v10.4/cross_tools/arm-none-eabi-gcc-4_7_3/bin/../lib/gcc/arm-none-eabi/4.7.3/armv6-m\libgcc.a(truncdfsf2.o)
 .ARM.attributes
                0x00001017       0x1e c:/freescale/cw mcu v10.4/cross_tools/arm-none-eabi-gcc-4_7_3/bin/../lib/gcc/arm-none-eabi/4.7.3/armv6-m\libgcc.a(_clzsi2.o)
 .ARM.attributes
                0x00001035       0x2c c:/freescale/cw mcu v10.4/cross_tools/arm-none-eabi-gcc-4_7_3/bin/../lib/gcc/arm-none-eabi/4.7.3/armv6-m\libgcc.a(_divdi3.o)
 .ARM.attributes
                0x00001061       0x2c c:/freescale/cw mcu v10.4/cross_tools/arm-none-eabi-gcc-4_7_3/bin/../lib/gcc/arm-none-eabi/4.7.3/armv6-m\libgcc.a(_udivdi3.o)
 .ARM.attributes
                0x0000108d       0x31 C:/Freescale/CW MCU v10.4/MCU/ARM_GCC_Support/ewl/lib/armv6-m\librt.a(gcc_ctor_dtor.o)
 .ARM.attributes
                0x000010be       0x31 C:/Freescale/CW MCU v10.4/MCU/ARM_GCC_Support/ewl/lib/armv6-m\librt.a(ROMCopy.o)
 .ARM.attributes
                0x000010ef       0x31 C:/Freescale/CW MCU v10.4/MCU/ARM_GCC_Support/ewl/lib/armv6-m\librt.a(__arm_eabi_init.o)
OUTPUT(Teslaprototype.elf elf32-littlearm)

.debug_info     0x00000000     0xb4ef
 .debug_info    0x00000000      0x117 ./Generated_Code/WAIT1.o
 .debug_info    0x00000117      0x10b ./Generated_Code/Vectors.o
 .debug_info    0x00000222      0x178 ./Generated_Code/TimerIntLdd1.o
 .debug_info    0x0000039a      0x6e6 ./Generated_Code/TU3.o
 .debug_info    0x00000a80      0x838 ./Generated_Code/TU2.o
 .debug_info    0x000012b8      0x4ec ./Generated_Code/TU1.o
 .debug_info    0x000017a4       0xae ./Generated_Code/TFC_SERVO.o
 .debug_info    0x00001852       0xae ./Generated_Code/TFC_INTE.o
 .debug_info    0x00001900      0x36a ./Generated_Code/TFC_ADCI.o
 .debug_info    0x00001c6a      0x26c ./Generated_Code/PwmLdd3.o
 .debug_info    0x00001ed6      0x26c ./Generated_Code/PwmLdd2.o
 .debug_info    0x00002142      0x300 ./Generated_Code/PwmLdd1.o
 .debug_info    0x00002442      0x255 ./Generated_Code/PE_LDD.o
 .debug_info    0x00002697      0x6a3 ./Generated_Code/IO1.o
 .debug_info    0x00002d3a      0x266 ./Generated_Code/CsIO1.o
 .debug_info    0x00002fa0      0x8e8 ./Generated_Code/Cpu.o
 .debug_info    0x00003888      0x3d7 ./Generated_Code/BitsIoLdd2.o
 .debug_info    0x00003c5f      0x55f ./Generated_Code/BitsIoLdd1.o
 .debug_info    0x000041be      0x399 ./Generated_Code/BitIoLdd3.o
 .debug_info    0x00004557      0x3c1 ./Generated_Code/BitIoLdd2.o
 .debug_info    0x00004918      0x3c1 ./Generated_Code/BitIoLdd1.o
 .debug_info    0x00004cd9      0x92f ./Generated_Code/AdcLdd1.o
 .debug_info    0x00005608      0x12a ./Project_Settings/Startup_Code/__arm_start.o
 .debug_info    0x00005732       0x54 ./Project_Settings/Startup_Code/__arm_end.o
 .debug_info    0x00005786      0x322 ./Sources/TFC_Controller.o
 .debug_info    0x00005aa8      0x217 ./Sources/ProcessorExpert.o
 .debug_info    0x00005cbf      0x10a ./Sources/Events.o
 .debug_info    0x00005dc9      0x399 C:/Freescale/CW MCU v10.4/MCU/ARM_GCC_Support/ewl/lib/armv6-m\libc.a(printf.o)
 .debug_info    0x00006162       0xe8 C:/Freescale/CW MCU v10.4/MCU/ARM_GCC_Support/ewl/lib/armv6-m\libc.a(exit.o)
 .debug_info    0x0000624a       0xec C:/Freescale/CW MCU v10.4/MCU/ARM_GCC_Support/ewl/lib/armv6-m\libc.a(memset.o)
 .debug_info    0x00006336      0x882 C:/Freescale/CW MCU v10.4/MCU/ARM_GCC_Support/ewl/lib/armv6-m\libc.a(printformat_fp_ll.o)
 .debug_info    0x00006bb8      0x605 C:/Freescale/CW MCU v10.4/MCU/ARM_GCC_Support/ewl/lib/armv6-m\libc.a(scanformat_fp_ll.o)
 .debug_info    0x000071bd      0x313 C:/Freescale/CW MCU v10.4/MCU/ARM_GCC_Support/ewl/lib/armv6-m\libc.a(ctype_aeabi.o)
 .debug_info    0x000074d0      0x771 C:/Freescale/CW MCU v10.4/MCU/ARM_GCC_Support/ewl/lib/armv6-m\libc.a(__strtold.o)
 .debug_info    0x00007c41      0x4be C:/Freescale/CW MCU v10.4/MCU/ARM_GCC_Support/ewl/lib/armv6-m\libc.a(ansi_files.o)
 .debug_info    0x000080ff      0x60d C:/Freescale/CW MCU v10.4/MCU/ARM_GCC_Support/ewl/lib/armv6-m\libc.a(fwrite.o)
 .debug_info    0x0000870c      0x1d6 C:/Freescale/CW MCU v10.4/MCU/ARM_GCC_Support/ewl/lib/armv6-m\libc.a(__strtoul.o)
 .debug_info    0x000088e2      0x1e2 C:/Freescale/CW MCU v10.4/MCU/ARM_GCC_Support/ewl/lib/armv6-m\libc.a(__strtoull.o)
 .debug_info    0x00008ac4      0x137 C:/Freescale/CW MCU v10.4/MCU/ARM_GCC_Support/ewl/lib/armv6-m\libc.a(__filll_mem.o)
 .debug_info    0x00008bfb      0x116 C:/Freescale/CW MCU v10.4/MCU/ARM_GCC_Support/ewl/lib/armv6-m\libc.a(__memrchr.o)
 .debug_info    0x00008d11      0x121 C:/Freescale/CW MCU v10.4/MCU/ARM_GCC_Support/ewl/lib/armv6-m\libc.a(memchr.o)
 .debug_info    0x00008e32      0x10f C:/Freescale/CW MCU v10.4/MCU/ARM_GCC_Support/ewl/lib/armv6-m\libc.a(memcpy.o)
 .debug_info    0x00008f41      0x10b C:/Freescale/CW MCU v10.4/MCU/ARM_GCC_Support/ewl/lib/armv6-m\libc.a(strchr.o)
 .debug_info    0x0000904c      0x109 C:/Freescale/CW MCU v10.4/MCU/ARM_GCC_Support/ewl/lib/armv6-m\libc.a(strcpy.o)
 .debug_info    0x00009155       0xea C:/Freescale/CW MCU v10.4/MCU/ARM_GCC_Support/ewl/lib/armv6-m\libc.a(strlen.o)
 .debug_info    0x0000923f       0x9d C:/Freescale/CW MCU v10.4/MCU/ARM_GCC_Support/ewl/lib/armv6-m\libc.a(errno.o)
 .debug_info    0x000092dc      0x45d C:/Freescale/CW MCU v10.4/MCU/ARM_GCC_Support/ewl/lib/armv6-m\libc.a(__buffer_io.o)
 .debug_info    0x00009739      0x527 C:/Freescale/CW MCU v10.4/MCU/ARM_GCC_Support/ewl/lib/armv6-m\libm.a(ansi_fp.o)
 .debug_info    0x00009c60      0x1e4 C:/Freescale/CW MCU v10.4/MCU/ARM_GCC_Support/ewl/lib/armv6-m\libm.a(float.o)
 .debug_info    0x00009e44      0x305 C:/Freescale/CW MCU v10.4/MCU/ARM_GCC_Support/ewl/lib/armv6-m\libm.a(math_api.o)
 .debug_info    0x0000a149      0x1a1 C:/Freescale/CW MCU v10.4/MCU/ARM_GCC_Support/ewl/lib/armv6-m\libm.a(s_frexp.o)
 .debug_info    0x0000a2ea       0xc0 C:/Freescale/CW MCU v10.4/MCU/ARM_GCC_Support/ewl/lib/armv6-m\libm.a(w_pow.o)
 .debug_info    0x0000a3aa      0x5c7 C:/Freescale/CW MCU v10.4/MCU/ARM_GCC_Support/ewl/lib/armv6-m\libm.a(e_pow.o)
 .debug_info    0x0000a971       0xf9 C:/Freescale/CW MCU v10.4/MCU/ARM_GCC_Support/ewl/lib/armv6-m\libm.a(scalbn.o)
 .debug_info    0x0000aa6a       0xb3 C:/Freescale/CW MCU v10.4/MCU/ARM_GCC_Support/ewl/lib/armv6-m\libm.a(w_sqrt.o)
 .debug_info    0x0000ab1d      0x266 C:/Freescale/CW MCU v10.4/MCU/ARM_GCC_Support/ewl/lib/armv6-m\libm.a(e_sqrt.o)
 .debug_info    0x0000ad83      0x1e2 C:/Freescale/CW MCU v10.4/MCU/ARM_GCC_Support/ewl/lib/armv6-m\libm.a(s_ldexp.o)
 .debug_info    0x0000af65      0x136 C:/Freescale/CW MCU v10.4/MCU/ARM_GCC_Support/ewl/lib/armv6-m\librt.a(gcc_ctor_dtor.o)
 .debug_info    0x0000b09b      0x19b C:/Freescale/CW MCU v10.4/MCU/ARM_GCC_Support/ewl/lib/armv6-m\librt.a(ROMCopy.o)
 .debug_info    0x0000b236      0x2b9 C:/Freescale/CW MCU v10.4/MCU/ARM_GCC_Support/ewl/lib/armv6-m\librt.a(__arm_eabi_init.o)

.debug_abbrev   0x00000000     0x3709
 .debug_abbrev  0x00000000       0xaa ./Generated_Code/WAIT1.o
 .debug_abbrev  0x000000aa       0xa3 ./Generated_Code/Vectors.o
 .debug_abbrev  0x0000014d       0xd2 ./Generated_Code/TimerIntLdd1.o
 .debug_abbrev  0x0000021f      0x17e ./Generated_Code/TU3.o
 .debug_abbrev  0x0000039d      0x1a4 ./Generated_Code/TU2.o
 .debug_abbrev  0x00000541      0x134 ./Generated_Code/TU1.o
 .debug_abbrev  0x00000675       0x60 ./Generated_Code/TFC_SERVO.o
 .debug_abbrev  0x000006d5       0x60 ./Generated_Code/TFC_INTE.o
 .debug_abbrev  0x00000735      0x15d ./Generated_Code/TFC_ADCI.o
 .debug_abbrev  0x00000892       0xdd ./Generated_Code/PwmLdd3.o
 .debug_abbrev  0x0000096f       0xdd ./Generated_Code/PwmLdd2.o
 .debug_abbrev  0x00000a4c      0x112 ./Generated_Code/PwmLdd1.o
 .debug_abbrev  0x00000b5e      0x102 ./Generated_Code/PE_LDD.o
 .debug_abbrev  0x00000c60      0x167 ./Generated_Code/IO1.o
 .debug_abbrev  0x00000dc7       0xd6 ./Generated_Code/CsIO1.o
 .debug_abbrev  0x00000e9d      0x122 ./Generated_Code/Cpu.o
 .debug_abbrev  0x00000fbf      0x11b ./Generated_Code/BitsIoLdd2.o
 .debug_abbrev  0x000010da      0x178 ./Generated_Code/BitsIoLdd1.o
 .debug_abbrev  0x00001252      0x12b ./Generated_Code/BitIoLdd3.o
 .debug_abbrev  0x0000137d      0x12b ./Generated_Code/BitIoLdd2.o
 .debug_abbrev  0x000014a8      0x12b ./Generated_Code/BitIoLdd1.o
 .debug_abbrev  0x000015d3      0x19d ./Generated_Code/AdcLdd1.o
 .debug_abbrev  0x00001770       0x92 ./Project_Settings/Startup_Code/__arm_start.o
 .debug_abbrev  0x00001802       0x4c ./Project_Settings/Startup_Code/__arm_end.o
 .debug_abbrev  0x0000184e       0xc6 ./Sources/TFC_Controller.o
 .debug_abbrev  0x00001914       0xaa ./Sources/ProcessorExpert.o
 .debug_abbrev  0x000019be       0x4e ./Sources/Events.o
 .debug_abbrev  0x00001a0c      0x107 C:/Freescale/CW MCU v10.4/MCU/ARM_GCC_Support/ewl/lib/armv6-m\libc.a(printf.o)
 .debug_abbrev  0x00001b13       0x7a C:/Freescale/CW MCU v10.4/MCU/ARM_GCC_Support/ewl/lib/armv6-m\libc.a(exit.o)
 .debug_abbrev  0x00001b8d       0x62 C:/Freescale/CW MCU v10.4/MCU/ARM_GCC_Support/ewl/lib/armv6-m\libc.a(memset.o)
 .debug_abbrev  0x00001bef      0x259 C:/Freescale/CW MCU v10.4/MCU/ARM_GCC_Support/ewl/lib/armv6-m\libc.a(printformat_fp_ll.o)
 .debug_abbrev  0x00001e48      0x206 C:/Freescale/CW MCU v10.4/MCU/ARM_GCC_Support/ewl/lib/armv6-m\libc.a(scanformat_fp_ll.o)
 .debug_abbrev  0x0000204e       0x9e C:/Freescale/CW MCU v10.4/MCU/ARM_GCC_Support/ewl/lib/armv6-m\libc.a(ctype_aeabi.o)
 .debug_abbrev  0x000020ec      0x1b3 C:/Freescale/CW MCU v10.4/MCU/ARM_GCC_Support/ewl/lib/armv6-m\libc.a(__strtold.o)
 .debug_abbrev  0x0000229f      0x107 C:/Freescale/CW MCU v10.4/MCU/ARM_GCC_Support/ewl/lib/armv6-m\libc.a(ansi_files.o)
 .debug_abbrev  0x000023a6      0x16a C:/Freescale/CW MCU v10.4/MCU/ARM_GCC_Support/ewl/lib/armv6-m\libc.a(fwrite.o)
 .debug_abbrev  0x00002510       0xc2 C:/Freescale/CW MCU v10.4/MCU/ARM_GCC_Support/ewl/lib/armv6-m\libc.a(__strtoul.o)
 .debug_abbrev  0x000025d2       0xd1 C:/Freescale/CW MCU v10.4/MCU/ARM_GCC_Support/ewl/lib/armv6-m\libc.a(__strtoull.o)
 .debug_abbrev  0x000026a3       0x78 C:/Freescale/CW MCU v10.4/MCU/ARM_GCC_Support/ewl/lib/armv6-m\libc.a(__filll_mem.o)
 .debug_abbrev  0x0000271b       0x95 C:/Freescale/CW MCU v10.4/MCU/ARM_GCC_Support/ewl/lib/armv6-m\libc.a(__memrchr.o)
 .debug_abbrev  0x000027b0       0x95 C:/Freescale/CW MCU v10.4/MCU/ARM_GCC_Support/ewl/lib/armv6-m\libc.a(memchr.o)
 .debug_abbrev  0x00002845       0x95 C:/Freescale/CW MCU v10.4/MCU/ARM_GCC_Support/ewl/lib/armv6-m\libc.a(memcpy.o)
 .debug_abbrev  0x000028da       0x7a C:/Freescale/CW MCU v10.4/MCU/ARM_GCC_Support/ewl/lib/armv6-m\libc.a(strchr.o)
 .debug_abbrev  0x00002954       0x78 C:/Freescale/CW MCU v10.4/MCU/ARM_GCC_Support/ewl/lib/armv6-m\libc.a(strcpy.o)
 .debug_abbrev  0x000029cc       0x7a C:/Freescale/CW MCU v10.4/MCU/ARM_GCC_Support/ewl/lib/armv6-m\libc.a(strlen.o)
 .debug_abbrev  0x00002a46       0x44 C:/Freescale/CW MCU v10.4/MCU/ARM_GCC_Support/ewl/lib/armv6-m\libc.a(errno.o)
 .debug_abbrev  0x00002a8a      0x142 C:/Freescale/CW MCU v10.4/MCU/ARM_GCC_Support/ewl/lib/armv6-m\libc.a(__buffer_io.o)
 .debug_abbrev  0x00002bcc      0x15d C:/Freescale/CW MCU v10.4/MCU/ARM_GCC_Support/ewl/lib/armv6-m\libm.a(ansi_fp.o)
 .debug_abbrev  0x00002d29       0x56 C:/Freescale/CW MCU v10.4/MCU/ARM_GCC_Support/ewl/lib/armv6-m\libm.a(float.o)
 .debug_abbrev  0x00002d7f       0xe8 C:/Freescale/CW MCU v10.4/MCU/ARM_GCC_Support/ewl/lib/armv6-m\libm.a(math_api.o)
 .debug_abbrev  0x00002e67       0xce C:/Freescale/CW MCU v10.4/MCU/ARM_GCC_Support/ewl/lib/armv6-m\libm.a(s_frexp.o)
 .debug_abbrev  0x00002f35       0x59 C:/Freescale/CW MCU v10.4/MCU/ARM_GCC_Support/ewl/lib/armv6-m\libm.a(w_pow.o)
 .debug_abbrev  0x00002f8e      0x157 C:/Freescale/CW MCU v10.4/MCU/ARM_GCC_Support/ewl/lib/armv6-m\libm.a(e_pow.o)
 .debug_abbrev  0x000030e5       0x86 C:/Freescale/CW MCU v10.4/MCU/ARM_GCC_Support/ewl/lib/armv6-m\libm.a(scalbn.o)
 .debug_abbrev  0x0000316b       0x59 C:/Freescale/CW MCU v10.4/MCU/ARM_GCC_Support/ewl/lib/armv6-m\libm.a(w_sqrt.o)
 .debug_abbrev  0x000031c4      0x10b C:/Freescale/CW MCU v10.4/MCU/ARM_GCC_Support/ewl/lib/armv6-m\libm.a(e_sqrt.o)
 .debug_abbrev  0x000032cf       0xce C:/Freescale/CW MCU v10.4/MCU/ARM_GCC_Support/ewl/lib/armv6-m\libm.a(s_ldexp.o)
 .debug_abbrev  0x0000339d       0x99 C:/Freescale/CW MCU v10.4/MCU/ARM_GCC_Support/ewl/lib/armv6-m\librt.a(gcc_ctor_dtor.o)
 .debug_abbrev  0x00003436      0x120 C:/Freescale/CW MCU v10.4/MCU/ARM_GCC_Support/ewl/lib/armv6-m\librt.a(ROMCopy.o)
 .debug_abbrev  0x00003556      0x1b3 C:/Freescale/CW MCU v10.4/MCU/ARM_GCC_Support/ewl/lib/armv6-m\librt.a(__arm_eabi_init.o)

.debug_loc      0x00000000     0x7135
 .debug_loc     0x00000000       0xd4 ./Generated_Code/WAIT1.o
 .debug_loc     0x000000d4       0x70 ./Generated_Code/TimerIntLdd1.o
 .debug_loc     0x00000144      0x150 ./Generated_Code/TU3.o
 .debug_loc     0x00000294      0x188 ./Generated_Code/TU2.o
 .debug_loc     0x0000041c       0x70 ./Generated_Code/TU1.o
 .debug_loc     0x0000048c       0x38 ./Generated_Code/TFC_SERVO.o
 .debug_loc     0x000004c4       0x38 ./Generated_Code/TFC_INTE.o
 .debug_loc     0x000004fc      0x20c ./Generated_Code/TFC_ADCI.o
 .debug_loc     0x00000708       0xe0 ./Generated_Code/PwmLdd3.o
 .debug_loc     0x000007e8       0xe0 ./Generated_Code/PwmLdd2.o
 .debug_loc     0x000008c8      0x150 ./Generated_Code/PwmLdd1.o
 .debug_loc     0x00000a18       0x9c ./Generated_Code/PE_LDD.o
 .debug_loc     0x00000ab4      0x150 ./Generated_Code/IO1.o
 .debug_loc     0x00000c04       0xa8 ./Generated_Code/CsIO1.o
 .debug_loc     0x00000cac       0xb0 ./Generated_Code/Cpu.o
 .debug_loc     0x00000d5c       0xe0 ./Generated_Code/BitsIoLdd2.o
 .debug_loc     0x00000e3c      0x1f8 ./Generated_Code/BitsIoLdd1.o
 .debug_loc     0x00001034      0x118 ./Generated_Code/BitIoLdd3.o
 .debug_loc     0x0000114c      0x150 ./Generated_Code/BitIoLdd2.o
 .debug_loc     0x0000129c      0x150 ./Generated_Code/BitIoLdd1.o
 .debug_loc     0x000013ec      0x1f8 ./Generated_Code/AdcLdd1.o
 .debug_loc     0x000015e4       0x2c ./Project_Settings/Startup_Code/__arm_start.o
 .debug_loc     0x00001610       0x38 ./Project_Settings/Startup_Code/__arm_end.o
 .debug_loc     0x00001648      0x150 ./Sources/TFC_Controller.o
 .debug_loc     0x00001798       0x38 ./Sources/ProcessorExpert.o
 .debug_loc     0x000017d0       0xdc ./Sources/Events.o
 .debug_loc     0x000018ac       0x2c C:/Freescale/CW MCU v10.4/MCU/ARM_GCC_Support/ewl/lib/armv6-m\libc.a(printf.o)
 .debug_loc     0x000018d8       0x3e C:/Freescale/CW MCU v10.4/MCU/ARM_GCC_Support/ewl/lib/armv6-m\libc.a(exit.o)
 .debug_loc     0x00001916       0x6f C:/Freescale/CW MCU v10.4/MCU/ARM_GCC_Support/ewl/lib/armv6-m\libc.a(memset.o)
 .debug_loc     0x00001985     0x17d2 C:/Freescale/CW MCU v10.4/MCU/ARM_GCC_Support/ewl/lib/armv6-m\libc.a(printformat_fp_ll.o)
 .debug_loc     0x00003157      0xb81 C:/Freescale/CW MCU v10.4/MCU/ARM_GCC_Support/ewl/lib/armv6-m\libc.a(scanformat_fp_ll.o)
 .debug_loc     0x00003cd8      0x30d C:/Freescale/CW MCU v10.4/MCU/ARM_GCC_Support/ewl/lib/armv6-m\libc.a(ctype_aeabi.o)
 .debug_loc     0x00003fe5      0x910 C:/Freescale/CW MCU v10.4/MCU/ARM_GCC_Support/ewl/lib/armv6-m\libc.a(__strtold.o)
 .debug_loc     0x000048f5       0x8c C:/Freescale/CW MCU v10.4/MCU/ARM_GCC_Support/ewl/lib/armv6-m\libc.a(ansi_files.o)
 .debug_loc     0x00004981      0x2c2 C:/Freescale/CW MCU v10.4/MCU/ARM_GCC_Support/ewl/lib/armv6-m\libc.a(fwrite.o)
 .debug_loc     0x00004c43      0x305 C:/Freescale/CW MCU v10.4/MCU/ARM_GCC_Support/ewl/lib/armv6-m\libc.a(__strtoul.o)
 .debug_loc     0x00004f48      0x313 C:/Freescale/CW MCU v10.4/MCU/ARM_GCC_Support/ewl/lib/armv6-m\libc.a(__strtoull.o)
 .debug_loc     0x0000525b      0x14a C:/Freescale/CW MCU v10.4/MCU/ARM_GCC_Support/ewl/lib/armv6-m\libc.a(__filll_mem.o)
 .debug_loc     0x000053a5       0x77 C:/Freescale/CW MCU v10.4/MCU/ARM_GCC_Support/ewl/lib/armv6-m\libc.a(__memrchr.o)
 .debug_loc     0x0000541c       0x77 C:/Freescale/CW MCU v10.4/MCU/ARM_GCC_Support/ewl/lib/armv6-m\libc.a(memchr.o)
 .debug_loc     0x00005493       0x59 C:/Freescale/CW MCU v10.4/MCU/ARM_GCC_Support/ewl/lib/armv6-m\libc.a(memcpy.o)
 .debug_loc     0x000054ec       0xaf C:/Freescale/CW MCU v10.4/MCU/ARM_GCC_Support/ewl/lib/armv6-m\libc.a(strchr.o)
 .debug_loc     0x0000559b       0x20 C:/Freescale/CW MCU v10.4/MCU/ARM_GCC_Support/ewl/lib/armv6-m\libc.a(strcpy.o)
 .debug_loc     0x000055bb       0x33 C:/Freescale/CW MCU v10.4/MCU/ARM_GCC_Support/ewl/lib/armv6-m\libc.a(strlen.o)
 .debug_loc     0x000055ee      0x126 C:/Freescale/CW MCU v10.4/MCU/ARM_GCC_Support/ewl/lib/armv6-m\libc.a(__buffer_io.o)
 .debug_loc     0x00005714      0x599 C:/Freescale/CW MCU v10.4/MCU/ARM_GCC_Support/ewl/lib/armv6-m\libm.a(ansi_fp.o)
 .debug_loc     0x00005cad      0x2d7 C:/Freescale/CW MCU v10.4/MCU/ARM_GCC_Support/ewl/lib/armv6-m\libm.a(math_api.o)
 .debug_loc     0x00005f84       0xc1 C:/Freescale/CW MCU v10.4/MCU/ARM_GCC_Support/ewl/lib/armv6-m\libm.a(s_frexp.o)
 .debug_loc     0x00006045       0x50 C:/Freescale/CW MCU v10.4/MCU/ARM_GCC_Support/ewl/lib/armv6-m\libm.a(w_pow.o)
 .debug_loc     0x00006095      0x962 C:/Freescale/CW MCU v10.4/MCU/ARM_GCC_Support/ewl/lib/armv6-m\libm.a(e_pow.o)
 .debug_loc     0x000069f7       0x6e C:/Freescale/CW MCU v10.4/MCU/ARM_GCC_Support/ewl/lib/armv6-m\libm.a(scalbn.o)
 .debug_loc     0x00006a65       0x38 C:/Freescale/CW MCU v10.4/MCU/ARM_GCC_Support/ewl/lib/armv6-m\libm.a(w_sqrt.o)
 .debug_loc     0x00006a9d      0x220 C:/Freescale/CW MCU v10.4/MCU/ARM_GCC_Support/ewl/lib/armv6-m\libm.a(e_sqrt.o)
 .debug_loc     0x00006cbd      0x16b C:/Freescale/CW MCU v10.4/MCU/ARM_GCC_Support/ewl/lib/armv6-m\libm.a(s_ldexp.o)
 .debug_loc     0x00006e28       0x9d C:/Freescale/CW MCU v10.4/MCU/ARM_GCC_Support/ewl/lib/armv6-m\librt.a(gcc_ctor_dtor.o)
 .debug_loc     0x00006ec5       0xd9 C:/Freescale/CW MCU v10.4/MCU/ARM_GCC_Support/ewl/lib/armv6-m\librt.a(ROMCopy.o)
 .debug_loc     0x00006f9e      0x197 C:/Freescale/CW MCU v10.4/MCU/ARM_GCC_Support/ewl/lib/armv6-m\librt.a(__arm_eabi_init.o)

.debug_aranges  0x00000000      0xba0
 .debug_aranges
                0x00000000       0x38 ./Generated_Code/WAIT1.o
 .debug_aranges
                0x00000038       0x18 ./Generated_Code/Vectors.o
 .debug_aranges
                0x00000050       0x28 ./Generated_Code/TimerIntLdd1.o
 .debug_aranges
                0x00000078       0x48 ./Generated_Code/TU3.o
 .debug_aranges
                0x000000c0       0x50 ./Generated_Code/TU2.o
 .debug_aranges
                0x00000110       0x28 ./Generated_Code/TU1.o
 .debug_aranges
                0x00000138       0x20 ./Generated_Code/TFC_SERVO.o
 .debug_aranges
                0x00000158       0x20 ./Generated_Code/TFC_INTE.o
 .debug_aranges
                0x00000178       0x68 ./Generated_Code/TFC_ADCI.o
 .debug_aranges
                0x000001e0       0x38 ./Generated_Code/PwmLdd3.o
 .debug_aranges
                0x00000218       0x38 ./Generated_Code/PwmLdd2.o
 .debug_aranges
                0x00000250       0x48 ./Generated_Code/PwmLdd1.o
 .debug_aranges
                0x00000298       0x30 ./Generated_Code/PE_LDD.o
 .debug_aranges
                0x000002c8       0x48 ./Generated_Code/IO1.o
 .debug_aranges
                0x00000310       0x30 ./Generated_Code/CsIO1.o
 .debug_aranges
                0x00000340       0x38 ./Generated_Code/Cpu.o
 .debug_aranges
                0x00000378       0x38 ./Generated_Code/BitsIoLdd2.o
 .debug_aranges
                0x000003b0       0x60 ./Generated_Code/BitsIoLdd1.o
 .debug_aranges
                0x00000410       0x40 ./Generated_Code/BitIoLdd3.o
 .debug_aranges
                0x00000450       0x48 ./Generated_Code/BitIoLdd2.o
 .debug_aranges
                0x00000498       0x48 ./Generated_Code/BitIoLdd1.o
 .debug_aranges
                0x000004e0       0x60 ./Generated_Code/AdcLdd1.o
 .debug_aranges
                0x00000540       0x30 ./Project_Settings/Startup_Code/__arm_start.o
 .debug_aranges
                0x00000570       0x20 ./Project_Settings/Startup_Code/__arm_end.o
 .debug_aranges
                0x00000590       0x48 ./Sources/TFC_Controller.o
 .debug_aranges
                0x000005d8       0x20 ./Sources/ProcessorExpert.o
 .debug_aranges
                0x000005f8       0x40 ./Sources/Events.o
 .debug_aranges
                0x00000638       0x20 C:/Freescale/CW MCU v10.4/MCU/ARM_GCC_Support/ewl/lib/armv6-m\libc.a(printf.o)
 .debug_aranges
                0x00000658       0x20 C:/Freescale/CW MCU v10.4/MCU/ARM_GCC_Support/ewl/lib/armv6-m\libc.a(exit.o)
 .debug_aranges
                0x00000678       0x20 C:/Freescale/CW MCU v10.4/MCU/ARM_GCC_Support/ewl/lib/armv6-m\libc.a(memset.o)
 .debug_aranges
                0x00000698       0x30 C:/Freescale/CW MCU v10.4/MCU/ARM_GCC_Support/ewl/lib/armv6-m\libc.a(printformat_fp_ll.o)
 .debug_aranges
                0x000006c8       0x20 C:/Freescale/CW MCU v10.4/MCU/ARM_GCC_Support/ewl/lib/armv6-m\libc.a(scanformat_fp_ll.o)
 .debug_aranges
                0x000006e8       0x88 C:/Freescale/CW MCU v10.4/MCU/ARM_GCC_Support/ewl/lib/armv6-m\libc.a(ctype_aeabi.o)
 .debug_aranges
                0x00000770       0x38 C:/Freescale/CW MCU v10.4/MCU/ARM_GCC_Support/ewl/lib/armv6-m\libc.a(__strtold.o)
 .debug_aranges
                0x000007a8       0x28 C:/Freescale/CW MCU v10.4/MCU/ARM_GCC_Support/ewl/lib/armv6-m\libc.a(ansi_files.o)
 .debug_aranges
                0x000007d0       0x30 C:/Freescale/CW MCU v10.4/MCU/ARM_GCC_Support/ewl/lib/armv6-m\libc.a(fwrite.o)
 .debug_aranges
                0x00000800       0x20 C:/Freescale/CW MCU v10.4/MCU/ARM_GCC_Support/ewl/lib/armv6-m\libc.a(__strtoul.o)
 .debug_aranges
                0x00000820       0x20 C:/Freescale/CW MCU v10.4/MCU/ARM_GCC_Support/ewl/lib/armv6-m\libc.a(__strtoull.o)
 .debug_aranges
                0x00000840       0x20 C:/Freescale/CW MCU v10.4/MCU/ARM_GCC_Support/ewl/lib/armv6-m\libc.a(__filll_mem.o)
 .debug_aranges
                0x00000860       0x20 C:/Freescale/CW MCU v10.4/MCU/ARM_GCC_Support/ewl/lib/armv6-m\libc.a(__memrchr.o)
 .debug_aranges
                0x00000880       0x20 C:/Freescale/CW MCU v10.4/MCU/ARM_GCC_Support/ewl/lib/armv6-m\libc.a(memchr.o)
 .debug_aranges
                0x000008a0       0x20 C:/Freescale/CW MCU v10.4/MCU/ARM_GCC_Support/ewl/lib/armv6-m\libc.a(memcpy.o)
 .debug_aranges
                0x000008c0       0x20 C:/Freescale/CW MCU v10.4/MCU/ARM_GCC_Support/ewl/lib/armv6-m\libc.a(strchr.o)
 .debug_aranges
                0x000008e0       0x20 C:/Freescale/CW MCU v10.4/MCU/ARM_GCC_Support/ewl/lib/armv6-m\libc.a(strcpy.o)
 .debug_aranges
                0x00000900       0x20 C:/Freescale/CW MCU v10.4/MCU/ARM_GCC_Support/ewl/lib/armv6-m\libc.a(strlen.o)
 .debug_aranges
                0x00000920       0x18 C:/Freescale/CW MCU v10.4/MCU/ARM_GCC_Support/ewl/lib/armv6-m\libc.a(errno.o)
 .debug_aranges
                0x00000938       0x30 C:/Freescale/CW MCU v10.4/MCU/ARM_GCC_Support/ewl/lib/armv6-m\libc.a(__buffer_io.o)
 .debug_aranges
                0x00000968       0x30 C:/Freescale/CW MCU v10.4/MCU/ARM_GCC_Support/ewl/lib/armv6-m\libm.a(ansi_fp.o)
 .debug_aranges
                0x00000998       0x18 C:/Freescale/CW MCU v10.4/MCU/ARM_GCC_Support/ewl/lib/armv6-m\libm.a(float.o)
 .debug_aranges
                0x000009b0       0x60 C:/Freescale/CW MCU v10.4/MCU/ARM_GCC_Support/ewl/lib/armv6-m\libm.a(math_api.o)
 .debug_aranges
                0x00000a10       0x20 C:/Freescale/CW MCU v10.4/MCU/ARM_GCC_Support/ewl/lib/armv6-m\libm.a(s_frexp.o)
 .debug_aranges
                0x00000a30       0x20 C:/Freescale/CW MCU v10.4/MCU/ARM_GCC_Support/ewl/lib/armv6-m\libm.a(w_pow.o)
 .debug_aranges
                0x00000a50       0x20 C:/Freescale/CW MCU v10.4/MCU/ARM_GCC_Support/ewl/lib/armv6-m\libm.a(e_pow.o)
 .debug_aranges
                0x00000a70       0x20 C:/Freescale/CW MCU v10.4/MCU/ARM_GCC_Support/ewl/lib/armv6-m\libm.a(scalbn.o)
 .debug_aranges
                0x00000a90       0x20 C:/Freescale/CW MCU v10.4/MCU/ARM_GCC_Support/ewl/lib/armv6-m\libm.a(w_sqrt.o)
 .debug_aranges
                0x00000ab0       0x20 C:/Freescale/CW MCU v10.4/MCU/ARM_GCC_Support/ewl/lib/armv6-m\libm.a(e_sqrt.o)
 .debug_aranges
                0x00000ad0       0x20 C:/Freescale/CW MCU v10.4/MCU/ARM_GCC_Support/ewl/lib/armv6-m\libm.a(s_ldexp.o)
 .debug_aranges
                0x00000af0       0x28 C:/Freescale/CW MCU v10.4/MCU/ARM_GCC_Support/ewl/lib/armv6-m\librt.a(gcc_ctor_dtor.o)
 .debug_aranges
                0x00000b18       0x30 C:/Freescale/CW MCU v10.4/MCU/ARM_GCC_Support/ewl/lib/armv6-m\librt.a(ROMCopy.o)
 .debug_aranges
                0x00000b48       0x58 C:/Freescale/CW MCU v10.4/MCU/ARM_GCC_Support/ewl/lib/armv6-m\librt.a(__arm_eabi_init.o)

.debug_macinfo  0x00000000   0x4d4bf8
 .debug_macinfo
                0x00000000    0x2dd77 ./Generated_Code/WAIT1.o
 .debug_macinfo
                0x0002dd77    0x35af4 ./Generated_Code/Vectors.o
 .debug_macinfo
                0x0006386b    0x2f734 ./Generated_Code/TimerIntLdd1.o
 .debug_macinfo
                0x00092f9f    0x2f79d ./Generated_Code/TU3.o
 .debug_macinfo
                0x000c273c    0x2f962 ./Generated_Code/TU2.o
 .debug_macinfo
                0x000f209e    0x2f727 ./Generated_Code/TU1.o
 .debug_macinfo
                0x001217c5    0x35ac4 ./Generated_Code/TFC_SERVO.o
 .debug_macinfo
                0x00157289    0x35ac4 ./Generated_Code/TFC_INTE.o
 .debug_macinfo
                0x0018cd4d    0x35b17 ./Generated_Code/TFC_ADCI.o
 .debug_macinfo
                0x001c2864    0x2f893 ./Generated_Code/PwmLdd3.o
 .debug_macinfo
                0x001f20f7    0x2f893 ./Generated_Code/PwmLdd2.o
 .debug_macinfo
                0x0022198a    0x2fa71 ./Generated_Code/PwmLdd1.o
 .debug_macinfo
                0x002513fb    0x35a7c ./Generated_Code/PE_LDD.o
 .debug_macinfo
                0x00286e77    0x2fa66 ./Generated_Code/IO1.o
 .debug_macinfo
                0x002b68dd    0x28a71 ./Generated_Code/CsIO1.o
 .debug_macinfo
                0x002df34e    0x35af8 ./Generated_Code/Cpu.o
 .debug_macinfo
                0x00314e46    0x2e4dc ./Generated_Code/BitsIoLdd2.o
 .debug_macinfo
                0x00343322    0x2e5bc ./Generated_Code/BitsIoLdd1.o
 .debug_macinfo
                0x003718de    0x2e4b5 ./Generated_Code/BitIoLdd3.o
 .debug_macinfo
                0x0039fd93    0x2e4d2 ./Generated_Code/BitIoLdd2.o
 .debug_macinfo
                0x003ce265    0x2e4d2 ./Generated_Code/BitIoLdd1.o
 .debug_macinfo
                0x003fc737    0x3001f ./Generated_Code/AdcLdd1.o
 .debug_macinfo
                0x0042c756     0x3e6d ./Project_Settings/Startup_Code/__arm_start.o
 .debug_macinfo
                0x004305c3     0x3456 ./Project_Settings/Startup_Code/__arm_end.o
 .debug_macinfo
                0x00433a19    0x35b65 ./Sources/TFC_Controller.o
 .debug_macinfo
                0x0046957e    0x35b3f ./Sources/ProcessorExpert.o
 .debug_macinfo
                0x0049f0bd    0x35b3b ./Sources/Events.o

.debug_line     0x00000000     0x8401
 .debug_line    0x00000000      0x20d ./Generated_Code/WAIT1.o
 .debug_line    0x0000020d      0x661 ./Generated_Code/Vectors.o
 .debug_line    0x0000086e      0x26a ./Generated_Code/TimerIntLdd1.o
 .debug_line    0x00000ad8      0x2d0 ./Generated_Code/TU3.o
 .debug_line    0x00000da8      0x2f3 ./Generated_Code/TU2.o
 .debug_line    0x0000109b      0x264 ./Generated_Code/TU1.o
 .debug_line    0x000012ff      0x4f5 ./Generated_Code/TFC_SERVO.o
 .debug_line    0x000017f4      0x4f3 ./Generated_Code/TFC_INTE.o
 .debug_line    0x00001ce7      0x5ea ./Generated_Code/TFC_ADCI.o
 .debug_line    0x000022d1      0x285 ./Generated_Code/PwmLdd3.o
 .debug_line    0x00002556      0x285 ./Generated_Code/PwmLdd2.o
 .debug_line    0x000027db      0x2c1 ./Generated_Code/PwmLdd1.o
 .debug_line    0x00002a9c      0x48d ./Generated_Code/PE_LDD.o
 .debug_line    0x00002f29      0x2be ./Generated_Code/IO1.o
 .debug_line    0x000031e7      0x2f1 ./Generated_Code/CsIO1.o
 .debug_line    0x000034d8      0x6de ./Generated_Code/Cpu.o
 .debug_line    0x00003bb6      0x27c ./Generated_Code/BitsIoLdd2.o
 .debug_line    0x00003e32      0x2ed ./Generated_Code/BitsIoLdd1.o
 .debug_line    0x0000411f      0x282 ./Generated_Code/BitIoLdd3.o
 .debug_line    0x000043a1      0x295 ./Generated_Code/BitIoLdd2.o
 .debug_line    0x00004636      0x295 ./Generated_Code/BitIoLdd1.o
 .debug_line    0x000048cb      0x320 ./Generated_Code/AdcLdd1.o
 .debug_line    0x00004beb      0x2a7 ./Project_Settings/Startup_Code/__arm_start.o
 .debug_line    0x00004e92      0x266 ./Project_Settings/Startup_Code/__arm_end.o
 .debug_line    0x000050f8      0x575 ./Sources/TFC_Controller.o
 .debug_line    0x0000566d      0x4e8 ./Sources/ProcessorExpert.o
 .debug_line    0x00005b55      0x4fd ./Sources/Events.o
 .debug_line    0x00006052       0xb0 C:/Freescale/CW MCU v10.4/MCU/ARM_GCC_Support/ewl/lib/armv6-m\libc.a(printf.o)
 .debug_line    0x00006102       0x8d C:/Freescale/CW MCU v10.4/MCU/ARM_GCC_Support/ewl/lib/armv6-m\libc.a(exit.o)
 .debug_line    0x0000618f       0x90 C:/Freescale/CW MCU v10.4/MCU/ARM_GCC_Support/ewl/lib/armv6-m\libc.a(memset.o)
 .debug_line    0x0000621f      0x456 C:/Freescale/CW MCU v10.4/MCU/ARM_GCC_Support/ewl/lib/armv6-m\libc.a(printformat_fp_ll.o)
 .debug_line    0x00006675      0x319 C:/Freescale/CW MCU v10.4/MCU/ARM_GCC_Support/ewl/lib/armv6-m\libc.a(scanformat_fp_ll.o)
 .debug_line    0x0000698e      0x1be C:/Freescale/CW MCU v10.4/MCU/ARM_GCC_Support/ewl/lib/armv6-m\libc.a(ctype_aeabi.o)
 .debug_line    0x00006b4c      0x30a C:/Freescale/CW MCU v10.4/MCU/ARM_GCC_Support/ewl/lib/armv6-m\libc.a(__strtold.o)
 .debug_line    0x00006e56       0xc0 C:/Freescale/CW MCU v10.4/MCU/ARM_GCC_Support/ewl/lib/armv6-m\libc.a(ansi_files.o)
 .debug_line    0x00006f16      0x158 C:/Freescale/CW MCU v10.4/MCU/ARM_GCC_Support/ewl/lib/armv6-m\libc.a(fwrite.o)
 .debug_line    0x0000706e      0x11e C:/Freescale/CW MCU v10.4/MCU/ARM_GCC_Support/ewl/lib/armv6-m\libc.a(__strtoul.o)
 .debug_line    0x0000718c      0x11d C:/Freescale/CW MCU v10.4/MCU/ARM_GCC_Support/ewl/lib/armv6-m\libc.a(__strtoull.o)
 .debug_line    0x000072a9       0xf6 C:/Freescale/CW MCU v10.4/MCU/ARM_GCC_Support/ewl/lib/armv6-m\libc.a(__filll_mem.o)
 .debug_line    0x0000739f       0x99 C:/Freescale/CW MCU v10.4/MCU/ARM_GCC_Support/ewl/lib/armv6-m\libc.a(__memrchr.o)
 .debug_line    0x00007438       0x9f C:/Freescale/CW MCU v10.4/MCU/ARM_GCC_Support/ewl/lib/armv6-m\libc.a(memchr.o)
 .debug_line    0x000074d7       0x8b C:/Freescale/CW MCU v10.4/MCU/ARM_GCC_Support/ewl/lib/armv6-m\libc.a(memcpy.o)
 .debug_line    0x00007562       0x7d C:/Freescale/CW MCU v10.4/MCU/ARM_GCC_Support/ewl/lib/armv6-m\libc.a(strchr.o)
 .debug_line    0x000075df       0x7d C:/Freescale/CW MCU v10.4/MCU/ARM_GCC_Support/ewl/lib/armv6-m\libc.a(strcpy.o)
 .debug_line    0x0000765c       0x85 C:/Freescale/CW MCU v10.4/MCU/ARM_GCC_Support/ewl/lib/armv6-m\libc.a(strlen.o)
 .debug_line    0x000076e1       0x4d C:/Freescale/CW MCU v10.4/MCU/ARM_GCC_Support/ewl/lib/armv6-m\libc.a(errno.o)
 .debug_line    0x0000772e       0xf0 C:/Freescale/CW MCU v10.4/MCU/ARM_GCC_Support/ewl/lib/armv6-m\libc.a(__buffer_io.o)
 .debug_line    0x0000781e      0x1d9 C:/Freescale/CW MCU v10.4/MCU/ARM_GCC_Support/ewl/lib/armv6-m\libm.a(ansi_fp.o)
 .debug_line    0x000079f7       0x60 C:/Freescale/CW MCU v10.4/MCU/ARM_GCC_Support/ewl/lib/armv6-m\libm.a(float.o)
 .debug_line    0x00007a57      0x173 C:/Freescale/CW MCU v10.4/MCU/ARM_GCC_Support/ewl/lib/armv6-m\libm.a(math_api.o)
 .debug_line    0x00007bca       0xb9 C:/Freescale/CW MCU v10.4/MCU/ARM_GCC_Support/ewl/lib/armv6-m\libm.a(s_frexp.o)
 .debug_line    0x00007c83       0x73 C:/Freescale/CW MCU v10.4/MCU/ARM_GCC_Support/ewl/lib/armv6-m\libm.a(w_pow.o)
 .debug_line    0x00007cf6      0x1f9 C:/Freescale/CW MCU v10.4/MCU/ARM_GCC_Support/ewl/lib/armv6-m\libm.a(e_pow.o)
 .debug_line    0x00007eef       0x77 C:/Freescale/CW MCU v10.4/MCU/ARM_GCC_Support/ewl/lib/armv6-m\libm.a(scalbn.o)
 .debug_line    0x00007f66       0x74 C:/Freescale/CW MCU v10.4/MCU/ARM_GCC_Support/ewl/lib/armv6-m\libm.a(w_sqrt.o)
 .debug_line    0x00007fda      0x121 C:/Freescale/CW MCU v10.4/MCU/ARM_GCC_Support/ewl/lib/armv6-m\libm.a(e_sqrt.o)
 .debug_line    0x000080fb       0xc6 C:/Freescale/CW MCU v10.4/MCU/ARM_GCC_Support/ewl/lib/armv6-m\libm.a(s_ldexp.o)
 .debug_line    0x000081c1       0x6c C:/Freescale/CW MCU v10.4/MCU/ARM_GCC_Support/ewl/lib/armv6-m\librt.a(gcc_ctor_dtor.o)
 .debug_line    0x0000822d       0xbd C:/Freescale/CW MCU v10.4/MCU/ARM_GCC_Support/ewl/lib/armv6-m\librt.a(ROMCopy.o)
 .debug_line    0x000082ea      0x117 C:/Freescale/CW MCU v10.4/MCU/ARM_GCC_Support/ewl/lib/armv6-m\librt.a(__arm_eabi_init.o)

.debug_str      0x00000000     0x2b91
 .debug_str     0x00000000      0x153 ./Generated_Code/WAIT1.o
                                0x18a (size before relaxing)
 .debug_str     0x00000153       0x5e ./Generated_Code/Vectors.o
                                0x185 (size before relaxing)
 .debug_str     0x000001b1       0xf1 ./Generated_Code/TimerIntLdd1.o
                                0x20b (size before relaxing)
 .debug_str     0x000002a2      0x2a3 ./Generated_Code/TU3.o
                                0x44a (size before relaxing)
 .debug_str     0x00000545      0x132 ./Generated_Code/TU2.o
                                0x4d8 (size before relaxing)
 .debug_str     0x00000677       0x92 ./Generated_Code/TU1.o
                                0x34b (size before relaxing)
 .debug_str     0x00000709       0x2c ./Generated_Code/TFC_SERVO.o
                                0x16d (size before relaxing)
 .debug_str     0x00000735       0x36 ./Generated_Code/TFC_INTE.o
                                0x177 (size before relaxing)
 .debug_str     0x0000076b      0x15b ./Generated_Code/TFC_ADCI.o
                                0x2f6 (size before relaxing)
 .debug_str     0x000008c6       0xa2 ./Generated_Code/PwmLdd3.o
                                0x27d (size before relaxing)
 .debug_str     0x00000968       0x62 ./Generated_Code/PwmLdd2.o
                                0x27d (size before relaxing)
 .debug_str     0x000009ca       0x89 ./Generated_Code/PwmLdd1.o
                                0x2a4 (size before relaxing)
 .debug_str     0x00000a53      0x16b ./Generated_Code/PE_LDD.o
                                0x2e8 (size before relaxing)
 .debug_str     0x00000bbe      0x110 ./Generated_Code/IO1.o
                                0x3ee (size before relaxing)
 .debug_str     0x00000cce       0x9b ./Generated_Code/CsIO1.o
                                0x1ef (size before relaxing)
 .debug_str     0x00000d69      0x18c ./Generated_Code/Cpu.o
                                0x434 (size before relaxing)
 .debug_str     0x00000ef5       0xfe ./Generated_Code/BitsIoLdd2.o
                                0x312 (size before relaxing)
 .debug_str     0x00000ff3      0x10f ./Generated_Code/BitsIoLdd1.o
                                0x373 (size before relaxing)
 .debug_str     0x00001102       0xa0 ./Generated_Code/BitIoLdd3.o
                                0x2e4 (size before relaxing)
 .debug_str     0x000011a2       0xb1 ./Generated_Code/BitIoLdd2.o
                                0x2f5 (size before relaxing)
 .debug_str     0x00001253       0xb1 ./Generated_Code/BitIoLdd1.o
                                0x2f5 (size before relaxing)
 .debug_str     0x00001304      0x20c ./Generated_Code/AdcLdd1.o
                                0x591 (size before relaxing)
 .debug_str     0x00001510       0x85 ./Project_Settings/Startup_Code/__arm_start.o
                                0x1a6 (size before relaxing)
 .debug_str     0x00001595       0x41 ./Project_Settings/Startup_Code/__arm_end.o
                                 0xdd (size before relaxing)
 .debug_str     0x000015d6       0xf6 ./Sources/TFC_Controller.o
                                0x253 (size before relaxing)
 .debug_str     0x000016cc       0x50 ./Sources/ProcessorExpert.o
                                0x1f0 (size before relaxing)
 .debug_str     0x0000171c       0x6f ./Sources/Events.o
                                0x1ac (size before relaxing)
 .debug_str     0x0000178b      0x18b C:/Freescale/CW MCU v10.4/MCU/ARM_GCC_Support/ewl/lib/armv6-m\libc.a(printf.o)
                                0x2e9 (size before relaxing)
 .debug_str     0x00001916       0x2e C:/Freescale/CW MCU v10.4/MCU/ARM_GCC_Support/ewl/lib/armv6-m\libc.a(exit.o)
                                0x157 (size before relaxing)
 .debug_str     0x00001944       0x1c C:/Freescale/CW MCU v10.4/MCU/ARM_GCC_Support/ewl/lib/armv6-m\libc.a(memset.o)
                                0x140 (size before relaxing)
 .debug_str     0x00001960      0x2bd C:/Freescale/CW MCU v10.4/MCU/ARM_GCC_Support/ewl/lib/armv6-m\libc.a(printformat_fp_ll.o)
                                0x4a7 (size before relaxing)